Archive member included to satisfy reference by file (symbol)

/opt/devkitpro/devkitARM/bin/../lib/gcc/arm-none-eabi/14.2.0/thumb/libgcc.a(_call_via_rX.o)
                              mm_main_gba.o (_call_via_r1)
/opt/devkitpro/devkitARM/bin/../lib/gcc/arm-none-eabi/14.2.0/thumb/libgcc.a(_aeabi_ldivmod.o)
                              bn_hw_text.o (__aeabi_ldivmod)
/opt/devkitpro/devkitARM/bin/../lib/gcc/arm-none-eabi/14.2.0/thumb/libgcc.a(_aeabi_uldivmod.o)
                              bn_hw_text.o (__aeabi_uldivmod)
/opt/devkitpro/devkitARM/bin/../lib/gcc/arm-none-eabi/14.2.0/thumb/libgcc.a(_sync_none.o)
                              (__sync_synchronize_none)
/opt/devkitpro/devkitARM/bin/../lib/gcc/arm-none-eabi/14.2.0/thumb/libgcc.a(_udivmoddi4.o)
                              /opt/devkitpro/devkitARM/bin/../lib/gcc/arm-none-eabi/14.2.0/thumb/libgcc.a(_aeabi_ldivmod.o) (__udivmoddi4)

Discarded input sections

 .text          0x00000000        0x0 /opt/devkitpro/devkitARM/bin/../lib/gcc/arm-none-eabi/14.2.0/../../../../arm-none-eabi/lib/thumb/gba_crt0.o
 .data          0x00000000        0x0 /opt/devkitpro/devkitARM/bin/../lib/gcc/arm-none-eabi/14.2.0/../../../../arm-none-eabi/lib/thumb/gba_crt0.o
 .bss           0x00000000        0x0 /opt/devkitpro/devkitARM/bin/../lib/gcc/arm-none-eabi/14.2.0/../../../../arm-none-eabi/lib/thumb/gba_crt0.o
 .text          0x00000000        0x0 /opt/devkitpro/devkitARM/bin/../lib/gcc/arm-none-eabi/14.2.0/thumb/crti.o
 .data          0x00000000        0x0 /opt/devkitpro/devkitARM/bin/../lib/gcc/arm-none-eabi/14.2.0/thumb/crti.o
 .bss           0x00000000        0x0 /opt/devkitpro/devkitARM/bin/../lib/gcc/arm-none-eabi/14.2.0/thumb/crti.o
 .text          0x00000000        0x0 /opt/devkitpro/devkitARM/bin/../lib/gcc/arm-none-eabi/14.2.0/thumb/crtbegin.o
 .data          0x00000000        0x0 /opt/devkitpro/devkitARM/bin/../lib/gcc/arm-none-eabi/14.2.0/thumb/crtbegin.o
 .bss           0x00000000        0x0 /opt/devkitpro/devkitARM/bin/../lib/gcc/arm-none-eabi/14.2.0/thumb/crtbegin.o
 .rodata.all_implied_fbits
                0x00000000       0x24 /opt/devkitpro/devkitARM/bin/../lib/gcc/arm-none-eabi/14.2.0/thumb/crtbegin.o
 .text          0x00000000        0x0 _bn_audio_soundbank.bin.o
 .data          0x00000000        0x0 _bn_audio_soundbank.bin.o
 .bss           0x00000000        0x0 _bn_audio_soundbank.bin.o
 .text          0x00000000        0x0 ball_bn_gfx.o
 .data          0x00000000        0x0 ball_bn_gfx.o
 .bss           0x00000000        0x0 ball_bn_gfx.o
 .text          0x00000000        0x0 paddle_bn_gfx.o
 .data          0x00000000        0x0 paddle_bn_gfx.o
 .bss           0x00000000        0x0 paddle_bn_gfx.o
 .group         0x00000000        0xc main.o
 .group         0x00000000        0xc main.o
 .text          0x00000000        0x0 main.o
 .data          0x00000000        0x0 main.o
 .bss           0x00000000        0x0 main.o
 .group         0x00000000        0xc bn_affine_bg_animate_actions.o
 .group         0x00000000        0xc bn_affine_bg_animate_actions.o
 .group         0x00000000        0xc bn_affine_bg_animate_actions.o
 .group         0x00000000        0xc bn_affine_bg_animate_actions.o
 .group         0x00000000        0xc bn_affine_bg_animate_actions.o
 .group         0x00000000        0xc bn_affine_bg_animate_actions.o
 .group         0x00000000        0xc bn_affine_bg_animate_actions.o
 .group         0x00000000        0xc bn_affine_bg_animate_actions.o
 .group         0x00000000        0xc bn_affine_bg_animate_actions.o
 .text          0x00000000        0x0 bn_affine_bg_animate_actions.o
 .data          0x00000000        0x0 bn_affine_bg_animate_actions.o
 .bss           0x00000000        0x0 bn_affine_bg_animate_actions.o
 .text._ZN2bn25iaffine_bg_animate_action9_set_refsERNS_13affine_bg_ptrERNS_18affine_bg_map_itemERNS_7ivectorItEE
                0x00000000        0x4 bn_affine_bg_animate_actions.o
 .text._ZN2bn25iaffine_bg_animate_action7_assignERKS0_
                0x00000000       0x10 bn_affine_bg_animate_actions.o
 .text._ZN2bn32iaffine_bg_cached_animate_action9_set_refsERNS_13affine_bg_ptrERNS_7ivectorINS_17affine_bg_map_ptrEEE
                0x00000000        0x4 bn_affine_bg_animate_actions.o
 .text._ZN2bn32iaffine_bg_cached_animate_action7_assignERKS0_
                0x00000000       0x10 bn_affine_bg_animate_actions.o
 .text._ZN3_bn6assert9show_argsIJA16_ciA4_ciEEEvPKcS5_S5_iDpRKT_
                0x00000000       0x58 bn_affine_bg_animate_actions.o
 .text._ZN3_bn6assert9show_argsIJA23_ciA4_ciEEEvPKcS5_S5_iDpRKT_
                0x00000000       0x58 bn_affine_bg_animate_actions.o
 .rodata._ZN2bn25iaffine_bg_animate_action6updateEv.str1.4
                0x00000000       0x90 bn_affine_bg_animate_actions.o
 .text._ZN2bn25iaffine_bg_animate_action6updateEv
                0x00000000       0xb8 bn_affine_bg_animate_actions.o
 .text._ZN2bn32iaffine_bg_cached_animate_action6updateEv
[...]
Memory Configuration

Name             Origin             Length             Attributes
rom              0x08000000         0x02000000
iwram            0x03000000         0x00008000
ewram            0x02000000         0x00040000
*default*        0x00000000         0xffffffff

Linker script and memory map

                0x00000000                        __sync_synchronize = __sync_synchronize_none
                0x08000000                        __text_start = ORIGIN (rom)
                0x02040000                        __eheap_end = (ORIGIN (ewram) + LENGTH (ewram))
                0x03000000                        __iwram_start = ORIGIN (iwram)
                0x03008000                        __iwram_top = (ORIGIN (iwram) + LENGTH (iwram))
                0x03007fa0                        __sp_irq = (__iwram_top - 0x60)
                0x03007f00                        __sp_usr = (__sp_irq - 0xa0)
                0x03007ff8                        __irq_flags = 0x3007ff8
                0x08000000                        . = __text_start

.crt0           0x08000000      0x210
 *(.crt0)
 .crt0          0x08000000      0x210 /opt/devkitpro/devkitARM/bin/../lib/gcc/arm-none-eabi/14.2.0/../../../../arm-none-eabi/lib/thumb/gba_crt0.o
                0x08000000                _start
                0x080000c4                __boot_method
                0x080000c5                __slave_number
                0x080000e0                start_vector
                0x08000210                        . = ALIGN (0x4)

.init           0x08000210        0xc
 *(SORT_NONE(.init))
 .init          0x08000210        0x4 /opt/devkitpro/devkitARM/bin/../lib/gcc/arm-none-eabi/14.2.0/thumb/crti.o
                0x08000210                _init
 .init          0x08000214        0x8 /opt/devkitpro/devkitARM/bin/../lib/gcc/arm-none-eabi/14.2.0/thumb/crtn.o

.plt            0x0800021c        0x0
 *(.plt)
                0x0800021c                        . = ALIGN (0x4)

.text           0x08000220    0x103c8
 *(EXCLUDE_FILE(*.iwram*) .text*)
 .text.__do_global_dtors_aux
                0x08000220       0x2c /opt/devkitpro/devkitARM/bin/../lib/gcc/arm-none-eabi/14.2.0/thumb/crtbegin.o
 .text.frame_dummy
                0x0800024c       0x24 /opt/devkitpro/devkitARM/bin/../lib/gcc/arm-none-eabi/14.2.0/thumb/crtbegin.o
 .text.startup.main
                0x08000270       0x34 main.o
                0x08000270                main
 .text._ZN2bn13ostringstream11append_argsIiJA4_ciEEEvRKT_DpRKT0_.isra.0
                0x080002a4       0x24 bn_affine_bg_animate_actions.o
 .text._ZN3_bn6assert9show_argsIA15_cEEvPKcS4_S4_iRKT_
                0x080002c8       0x48 bn_affine_bg_animate_actions.o
                0x080002c8                void _bn::assert::show_args<char [15]>(char const*, char const*, char const*, int, char const (&) [15])
 .text._ZN3_bn6assert9show_argsIA24_ciEEvPKcS4_S4_iRKT_RKT0_
                0x08000310       0x54 bn_affine_bg_animate_actions.o
                0x08000310                void _bn::assert::show_args<char [24], int>(char const*, char const*, char const*, int, char const (&) [24], int const&)
 .text._ZN3_bn6assert9show_argsIJA19_ciA4_ciEEEvPKcS5_S5_iDpRKT_
                0x08000364       0x58 bn_affine_bg_animate_actions.o
                0x08000364                void _bn::assert::show_args<char [19], int, char [4], int>(char const*, char const*, char const*, int, char const (&) [19], int const&, char const (&) [4], int const&)
 .text._ZN2bn13audio_manager12_GLOBAL__N_111static_dataD2Ev
                0x080003bc        0x4 bn_audio_manager.o
 .text._ZN2bn13audio_manager4initEv
                0x080003c0       0x48 bn_audio_manager.o
                0x080003c0                bn::audio_manager::init()
 .text._ZN2bn13audio_manager7disableEv
                0x08000408        0xc bn_audio_manager.o
                0x08000408                bn::audio_manager::disable()
 .text._ZN2bn13audio_manager10sound_dataEt
                0x08000414       0x64 bn_audio_manager.o
                0x08000414                bn::audio_manager::sound_data(unsigned short)
 .text._ZN2bn13audio_manager6updateEv
                0x08000478        0xc bn_audio_manager.o
                0x08000478                bn::audio_manager::update()
 .text._ZN2bn13audio_manager6commitEv
                0x08000484        0xc bn_audio_manager.o
                0x08000484                bn::audio_manager::commit()
 .text._ZN2bn13audio_manager4stopEv
                0x08000490       0x6c bn_audio_manager.o
                0x08000490                bn::audio_manager::stop()
 .text._ZN3_bn6assert9show_argsIA18_ciEEvPKcS4_S4_iRKT_RKT0_
                0x080004fc       0x54 bn_audio_manager.o
                0x080004fc                void _bn::assert::show_args<char [18], int>(char const*, char const*, char const*, int, char const (&) [18], int const&)
 .text._ZN3_bn6assert9show_argsIA14_ciEEvPKcS4_S4_iRKT_RKT0_
                0x08000550       0x54 bn_audio_manager.o
                0x08000550                void _bn::assert::show_args<char [14], int>(char const*, char const*, char const*, int, char const (&) [14], int const&)
 .text._ZN3_bn6assert9show_argsIA26_ciEEvPKcS4_S4_iRKT_RKT0_
                0x080005a4       0x54 bn_audio_manager.o
                0x080005a4                void _bn::assert::show_args<char [26], int>(char const*, char const*, char const*, int, char const (&) [26], int const&)
 .text._ZN3_bn6assert9show_argsIA33_cEEvPKcS4_S4_iRKT_
                0x080005f8       0x48 bn_audio_manager.o
                0x080005f8                void _bn::assert::show_args<char [33]>(char const*, char const*, char const*, int, char const (&) [33])
 .text._ZN3_bn6assert9show_argsIA25_cEEvPKcS4_S4_iRKT_
                0x08000640       0x48 bn_audio_manager.o
                0x08000640                void _bn::assert::show_args<char [25]>(char const*, char const*, char const*, int, char const (&) [25])
 .text._ZN3_bn6assert9show_argsIA20_cEEvPKcS4_S4_iRKT_
                0x08000688       0x48 bn_audio_manager.o
                0x08000688                void _bn::assert::show_args<char [20]>(char const*, char const*, char const*, int, char const (&) [20])
 .text._ZN3_bn6assert9show_argsIA26_cEEvPKcS4_S4_iRKT_
                0x080006d0       0x48 bn_audio_manager.o
                0x080006d0                void _bn::assert::show_args<char [26]>(char const*, char const*, char const*, int, char const (&) [26])
 .text._ZN3_bn6assert9show_argsIA25_ciEEvPKcS4_S4_iRKT_RKT0_
                0x08000718       0x54 bn_audio_manager.o
                0x08000718                void _bn::assert::show_args<char [25], int>(char const*, char const*, char const*, int, char const (&) [25], int const&)
 .text._ZN2bn13audio_manager16execute_commandsEv
                0x0800076c      0x6a4 bn_audio_manager.o
                0x0800076c                bn::audio_manager::execute_commands()
 .text._ZN3_bn6assert9show_argsIA17_cEEvPKcS4_S4_iRKT_
                0x08000e10       0x48 bn_audio_manager.o
                0x08000e10                void _bn::assert::show_args<char [17]>(char const*, char const*, char const*, int, char const (&) [17])
 .text.startup._GLOBAL__sub_I__ZN2bn5audio16update_on_vblankEv
                0x08000e58       0x98 bn_audio_manager.o
 .text._ZN3_bn6assert9show_argsIA23_cEEvPKcS4_S4_iRKT_
                0x08000ef0       0x48 bn_best_fit_allocator.o
                0x08000ef0                void _bn::assert::show_args<char [23]>(char const*, char const*, char const*, int, char const (&) [23])
 .text._ZN2bn18best_fit_allocatorD2Ev
                0x08000f38       0x34 bn_best_fit_allocator.o
                0x08000f38                bn::best_fit_allocator::~best_fit_allocator()
                0x08000f38                bn::best_fit_allocator::~best_fit_allocator()
 .text._ZN3_bn6assert9show_argsIA16_ciEEvPKcS4_S4_iRKT_RKT0_
                0x08000f6c       0x54 bn_best_fit_allocator.o
                0x08000f6c                void _bn::assert::show_args<char [16], int>(char const*, char const*, char const*, int, char const (&) [16], int const&)
 .text._ZN3_bn6assert9show_argsIA14_cEEvPKcS4_S4_iRKT_
                0x08000fc0       0x48 bn_best_fit_allocator.o
                0x08000fc0                void _bn::assert::show_args<char [14]>(char const*, char const*, char const*, int, char const (&) [14])
 .text._ZN3_bn6assert9show_argsIA21_cEEvPKcS4_S4_iRKT_
                0x08001008       0x48 bn_best_fit_allocator.o
                0x08001008                void _bn::assert::show_args<char [21]>(char const*, char const*, char const*, int, char const (&) [21])
 .text._ZN2bn18best_fit_allocator5resetEPvi
                0x08001050       0xbc bn_best_fit_allocator.o
                0x08001050                bn::best_fit_allocator::reset(void*, int)
 .text._ZN2bn17bg_blocks_manager12_GLOBAL__N_117_hw_commit_offsetEPKtjtPt
                0x0800110c       0x78 bn_bg_blocks_manager.o
 .text._ZN2bn13ostringstream11append_argsIiJA4_ciEEEvRKT_DpRKT0_.isra.0
                0x08001184       0x24 bn_bg_blocks_manager.o
 .text._ZNK2bn18regular_bg_map_ptr2idEv
                0x080011a8       0x18 bn_bg_blocks_manager.o
                0x080011a8                bn::regular_bg_map_ptr::id() const
 .text._ZNK2bn18regular_bg_map_ptr10dimensionsEv
                0x080011c0       0x20 bn_bg_blocks_manager.o
                0x080011c0                bn::regular_bg_map_ptr::dimensions() const
 .text._ZNK2bn20regular_bg_tiles_ptr3cbbEv
                0x080011e0       0x18 bn_bg_blocks_manager.o
                0x080011e0                bn::regular_bg_tiles_ptr::cbb() const
 .text._ZNK2bn17affine_bg_map_ptr2idEv
                0x080011f8       0x18 bn_bg_blocks_manager.o
                0x080011f8                bn::affine_bg_map_ptr::id() const
 .text._ZNK2bn17affine_bg_map_ptr10dimensionsEv
                0x08001210       0x20 bn_bg_blocks_manager.o
                0x08001210                bn::affine_bg_map_ptr::dimensions() const
 .text._ZNK2bn19affine_bg_tiles_ptr3cbbEv
                0x08001230       0x18 bn_bg_blocks_manager.o
                0x08001230                bn::affine_bg_tiles_ptr::cbb() const
 .text._ZN2bn17bg_blocks_manager15decrease_usagesEi
                0x08001248       0x98 bn_bg_blocks_manager.o
                0x08001248                bn::bg_blocks_manager::decrease_usages(int)
 .text._ZN2bn17bg_blocks_manager12_GLOBAL__N_111static_dataD2Ev
                0x080012e0       0x54 bn_bg_blocks_manager.o
 .text._ZN2bn17bg_blocks_manager4initEv
                0x08001334       0x8c bn_bg_blocks_manager.o
                0x08001334                bn::bg_blocks_manager::init()
 .text._ZN2bn17bg_blocks_manager11must_commitEi
                0x080013c0       0x18 bn_bg_blocks_manager.o
                0x080013c0                bn::bg_blocks_manager::must_commit(int)
 .text._ZN2bn17bg_blocks_manager6updateEv
                0x080013d8      0x258 bn_bg_blocks_manager.o
                0x080013d8                bn::bg_blocks_manager::update()
 .text._ZN3_bn6assert9show_argsIA15_ciEEvPKcS4_S4_iRKT_RKT0_
                0x08001630       0x54 bn_bg_blocks_manager.o
                0x08001630                void _bn::assert::show_args<char [15], int>(char const*, char const*, char const*, int, char const (&) [15], int const&)
 .text._ZN3_bn6assert9show_argsIJA58_ciA4_ciEEEvPKcS5_S5_iDpRKT_
                0x08001684       0x58 bn_bg_blocks_manager.o
                0x08001684                void _bn::assert::show_args<char [58], int, char [4], int>(char const*, char const*, char const*, int, char const (&) [58], int const&, char const (&) [4], int const&)
 .text._ZN3_bn6assert9show_argsIA27_ciEEvPKcS4_S4_iRKT_RKT0_
                0x080016dc       0x54 bn_bg_blocks_manager.o
                0x080016dc                void _bn::assert::show_args<char [27], int>(char const*, char const*, char const*, int, char const (&) [27], int const&)
 .text._ZN2bn17bg_blocks_manager12_GLOBAL__N_110_hw_commitEPKtNS_16compression_typeEibPt
                0x08001730       0x6c bn_bg_blocks_manager.o
 .text._ZN3_bn6assert9show_argsIA22_ciEEvPKcS4_S4_iRKT_RKT0_
                0x0800179c       0x54 bn_bg_blocks_manager.o
                0x0800179c                void _bn::assert::show_args<char [22], int>(char const*, char const*, char const*, int, char const (&) [22], int const&)
 .text._ZN3_bn6assert9show_argsIA19_cEEvPKcS4_S4_iRKT_
                0x080017f0       0x48 bn_bg_blocks_manager.o
                0x080017f0                void _bn::assert::show_args<char [19]>(char const*, char const*, char const*, int, char const (&) [19])
 .text._ZN3_bn6assert9show_argsIA22_cEEvPKcS4_S4_iRKT_
                0x08001838       0x48 bn_bg_blocks_manager.o
                0x08001838                void _bn::assert::show_args<char [22]>(char const*, char const*, char const*, int, char const (&) [22])
 .text._ZNK2bn18regular_bg_map_ptr5tilesEv
                0x08001880       0x48 bn_bg_blocks_manager.o
                0x08001880                bn::regular_bg_map_ptr::tiles() const
 .text._ZNK2bn17affine_bg_map_ptr5tilesEv
                0x080018c8       0x48 bn_bg_blocks_manager.o
                0x080018c8                bn::affine_bg_map_ptr::tiles() const
 .text._ZNK2bn18regular_bg_map_ptr3bppEv
                0x08001910       0x4c bn_bg_blocks_manager.o
                0x08001910                bn::regular_bg_map_ptr::bpp() const
 .text._ZN2bn17bg_blocks_manager21update_affine_map_rowEiii
                0x0800195c      0x168 bn_bg_blocks_manager.o
                0x0800195c                bn::bg_blocks_manager::update_affine_map_row(int, int, int)
 .text._ZN2bn17bg_blocks_manager28update_affine_map_bottom_rowEiii
                0x08001ac4       0x2c bn_bg_blocks_manager.o
                0x08001ac4                bn::bg_blocks_manager::update_affine_map_bottom_row(int, int, int)
 .text._ZN2bn17bg_blocks_manager23set_affine_map_positionEiii
                0x08001af0      0x214 bn_bg_blocks_manager.o
                0x08001af0                bn::bg_blocks_manager::set_affine_map_position(int, int, int)
 .text._ZN2bn17bg_blocks_manager21update_affine_map_colEiii
                0x08001d04      0x334 bn_bg_blocks_manager.o
                0x08001d04                bn::bg_blocks_manager::update_affine_map_col(int, int, int)
 .text._ZN2bn17bg_blocks_manager27update_affine_map_right_colEiii
                0x08002038       0x2c bn_bg_blocks_manager.o
                0x08002038                bn::bg_blocks_manager::update_affine_map_right_col(int, int, int)
 .text._ZN2bn17bg_blocks_manager22update_regular_map_rowEiii
                0x08002064      0x194 bn_bg_blocks_manager.o
                0x08002064                bn::bg_blocks_manager::update_regular_map_row(int, int, int)
 .text._ZN2bn17bg_blocks_manager22update_regular_map_colEiii
                0x080021f8      0x1fc bn_bg_blocks_manager.o
                0x080021f8                bn::bg_blocks_manager::update_regular_map_col(int, int, int)
 .text._ZN2bn17bg_blocks_manager24set_regular_map_positionEiii
                0x080023f4      0x24c bn_bg_blocks_manager.o
                0x080023f4                bn::bg_blocks_manager::set_regular_map_position(int, int, int)
 .text._ZN2bn17bg_blocks_manager12_GLOBAL__N_112_commit_itemERKNS1_9item_typeEb
                0x08002640      0x1f0 bn_bg_blocks_manager.o
 .text._ZN2bn17bg_blocks_manager19commit_uncompressedEb
                0x08002830       0x58 bn_bg_blocks_manager.o
                0x08002830                bn::bg_blocks_manager::commit_uncompressed(bool)
 .text._ZN2bn17bg_blocks_manager17commit_compressedEv
                0x08002888       0x48 bn_bg_blocks_manager.o
                0x08002888                bn::bg_blocks_manager::commit_compressed()
 .text._ZN3_bn6assert9show_argsIA31_cEEvPKcS4_S4_iRKT_
                0x080028d0       0x48 bn_bg_blocks_manager.o
                0x080028d0                void _bn::assert::show_args<char [31]>(char const*, char const*, char const*, int, char const (&) [31])
 .text._ZN3_bn6assert9show_argsIA39_ciEEvPKcS4_S4_iRKT_RKT0_
                0x08002918       0x54 bn_bg_blocks_manager.o
                0x08002918                void _bn::assert::show_args<char [39], int>(char const*, char const*, char const*, int, char const (&) [39], int const&)
 .text.startup._GLOBAL__sub_I__ZN2bn7bg_maps16used_cells_countEv
                0x0800296c       0x88 bn_bg_blocks_manager.o
 .text._ZN2bn11bgs_manager12_GLOBAL__N_111static_dataD2Ev
                0x080029f4       0x10 bn_bgs_manager.o
 .text._ZN2bn11bgs_manager12_GLOBAL__N_133_update_item_hw_affine_attributesERKNS1_9item_typeE
                0x08002a04       0x48 bn_bgs_manager.o
 .text._ZN2bn11bgs_manager4initEv
                0x08002a4c       0x8c bn_bgs_manager.o
                0x08002a4c                bn::bgs_manager::init()
 .text._ZN2bn11bgs_manager5hw_idEPv
                0x08002ad8        0x8 bn_bgs_manager.o
                0x08002ad8                bn::bgs_manager::hw_id(void*)
 .text._ZN2bn11bgs_manager11hw_positionEPv
                0x08002ae0        0x4 bn_bgs_manager.o
                0x08002ae0                bn::bgs_manager::hw_position(void*)
 .text._ZN2bn11bgs_manager14mat_attributesEPv
                0x08002ae4        0x4 bn_bgs_manager.o
                0x08002ae4                bn::bgs_manager::mat_attributes(void*)
 .text._ZN2bn11bgs_manager20update_windows_flagsEPj
                0x08002ae8       0x7c bn_bgs_manager.o
                0x08002ae8                bn::bgs_manager::update_windows_flags(unsigned int*)
 .text._ZN2bn11bgs_manager14update_camerasEv
                0x08002b64      0x14c bn_bgs_manager.o
                0x08002b64                bn::bgs_manager::update_cameras()
 .text._ZN2bn11bgs_manager36fill_hblank_effect_regular_positionsEiPKNS_7fixed_tILi12EEEPt
                0x08002cb0       0x38 bn_bgs_manager.o
                0x08002cb0                bn::bgs_manager::fill_hblank_effect_regular_positions(int, bn::fixed_t<12> const*, unsigned short*)
 .text._ZN2bn11bgs_manager45fill_hblank_effect_pivot_horizontal_positionsEPvPKNS_7fixed_tILi12EEEPj
                0x08002ce8       0x24 bn_bgs_manager.o
                0x08002ce8                bn::bgs_manager::fill_hblank_effect_pivot_horizontal_positions(void*, bn::fixed_t<12> const*, unsigned int*)
 .text._ZN2bn11bgs_manager43fill_hblank_effect_pivot_vertical_positionsEPvPKNS_7fixed_tILi12EEEPj
                0x08002d0c       0x24 bn_bgs_manager.o
                0x08002d0c                bn::bgs_manager::fill_hblank_effect_pivot_vertical_positions(void*, bn::fixed_t<12> const*, unsigned int*)
 .text._ZN2bn11bgs_manager6commitEb
                0x08002d30       0x58 bn_bgs_manager.o
                0x08002d30                bn::bgs_manager::commit(bool)
 .text._ZN2bn11bgs_manager4stopEv
                0x08002d88       0x28 bn_bgs_manager.o
                0x08002d88                bn::bgs_manager::stop()
 .text._ZN3_bn6assert9show_argsIA30_cEEvPKcS4_S4_iRKT_
                0x08002db0       0x48 bn_bgs_manager.o
                0x08002db0                void _bn::assert::show_args<char [30]>(char const*, char const*, char const*, int, char const (&) [30])
 .text._ZN3_bn6assert9show_argsIA27_cEEvPKcS4_S4_iRKT_
                0x08002df8       0x48 bn_bgs_manager.o
                0x08002df8                void _bn::assert::show_args<char [27]>(char const*, char const*, char const*, int, char const (&) [27])
 .text._ZN3_bn6assert9show_argsIA46_cEEvPKcS4_S4_iRKT_
                0x08002e40       0x48 bn_bgs_manager.o
                0x08002e40                void _bn::assert::show_args<char [46]>(char const*, char const*, char const*, int, char const (&) [46])
 .text._ZN2bn11bgs_manager15rebuild_handlesEv.part.0
                0x08002e88      0x1a8 bn_bgs_manager.o
 .text._ZN2bn11bgs_manager37fill_hblank_effect_regular_attributesEPvPKNS_21regular_bg_attributesEPt
                0x08003030      0x100 bn_bgs_manager.o
                0x08003030                bn::bgs_manager::fill_hblank_effect_regular_attributes(void*, bn::regular_bg_attributes const*, unsigned short*)
 .text._ZN2bn11bgs_manager6updateEv
                0x08003130      0x16c bn_bgs_manager.o
                0x08003130                bn::bgs_manager::update()
 .text._ZN2bn11bgs_manager15commit_big_mapsEv
                0x0800329c      0x1d0 bn_bgs_manager.o
                0x0800329c                bn::bgs_manager::commit_big_maps()
 .text._ZN2bn11bgs_manager36fill_hblank_effect_affine_attributesEPvPKNS_20affine_bg_attributesEPt
                0x0800346c      0x104 bn_bgs_manager.o
                0x0800346c                bn::bgs_manager::fill_hblank_effect_affine_attributes(void*, bn::affine_bg_attributes const*, unsigned short*)
 .text._ZN2bn11bgs_manager10affine_mapEPv
                0x08003570       0x34 bn_bgs_manager.o
                0x08003570                bn::bgs_manager::affine_map(void*)
 .text._ZN2bn11bgs_manager11regular_mapEPv
                0x080035a4       0x34 bn_bgs_manager.o
                0x080035a4                bn::bgs_manager::regular_map(void*)
 .text._ZN3_bn6assert9show_argsIA13_cEEvPKcS4_S4_iRKT_
                0x080035d8       0x48 bn_bgs_manager.o
                0x080035d8                void _bn::assert::show_args<char [13]>(char const*, char const*, char const*, int, char const (&) [13])
 .text.startup._GLOBAL__sub_I__ZN2bn3bgs16used_items_countEv
                0x08003620       0x90 bn_bgs_manager.o
 .text._ZN2bn10camera_ptrD2Ev
                0x080036b0       0x38 bn_cameras_manager.o
                0x080036b0                bn::camera_ptr::~camera_ptr()
                0x080036b0                bn::camera_ptr::~camera_ptr()
 .text._ZNK2bn10camera_ptr8positionEv
                0x080036e8       0x14 bn_cameras_manager.o
                0x080036e8                bn::camera_ptr::position() const
 .text._ZN2bn15cameras_manager4initEv
                0x080036fc       0x24 bn_cameras_manager.o
                0x080036fc                bn::cameras_manager::init()
 .text._ZN2bn15cameras_manager6updateEv
                0x08003720       0x28 bn_cameras_manager.o
                0x08003720                bn::cameras_manager::update()
 .text.startup._GLOBAL__sub_I__ZN2bn7cameras16used_items_countEv
                0x08003748       0x24 bn_cameras_manager.o
 .text._ZN2bn4core12_GLOBAL__N_14stopEb
                0x0800376c       0x58 bn_core.o
 .text._ZN2bn4core12_GLOBAL__N_111update_implEv
                0x080037c4      0x114 bn_core.o
 .text._ZN2bn4core6updateEv
                0x080038d8       0x78 bn_core.o
                0x080038d8                bn::core::update()
 .text._ZN2bn4core4initERKNS_8optionalINS_5colorEEERKNS_11string_viewE
                0x08003950      0x12c bn_core.o
                0x08003950                bn::core::init(bn::optional<bn::color> const&, bn::string_view const&)
 .text._ZN2bn4core4initEv
                0x08003a7c       0x24 bn_core.o
                0x08003a7c                bn::core::init()
 .text._ZN2bn4core9on_vblankEv
                0x08003aa0       0x2c bn_core.o
                0x08003aa0                bn::core::on_vblank()
 .text._ZN2bn11string_viewC2EPKc
                0x08003acc       0x40 bn_core.o
                0x08003acc                bn::string_view::string_view(char const*)
                0x08003acc                bn::string_view::string_view(char const*)
 .text._ZN3_bn6assert12_GLOBAL__N_110_show_implEPKcS3_S3_iRKN2bn11string_viewE
                0x08003b0c       0x80 bn_core.o
 .text._ZN3_bn6assert4showEPKcS2_S2_iRKN2bn12istring_baseE
                0x08003b8c       0x18 bn_core.o
                0x08003b8c                _bn::assert::show(char const*, char const*, char const*, int, bn::istring_base const&)
 .text.startup._GLOBAL__sub_I__ZN2bn4core4initEv
                0x08003ba4       0x4c bn_core.o
 .text._ZN2bn15display_manager12_GLOBAL__N_111static_dataD2Ev
                0x08003bf0       0x34 bn_display_manager.o
 .text._ZN2bn15display_manager12_GLOBAL__N_134_update_rect_windows_hw_boundariesEi
                0x08003c24       0x7c bn_display_manager.o
 .text._ZN2bn15display_manager4initEv
                0x08003ca0       0xa4 bn_display_manager.o
                0x08003ca0                bn::display_manager::init()
 .text._ZN2bn15display_manager8set_modeEi
                0x08003d44       0x1c bn_display_manager.o
                0x08003d44                bn::display_manager::set_mode(int)
 .text._ZN2bn15display_manager14set_bg_enabledEib
                0x08003d60       0x18 bn_display_manager.o
                0x08003d60                bn::display_manager::set_bg_enabled(int, bool)
 .text._ZN2bn15display_manager15disable_all_bgsEv
                0x08003d78       0x14 bn_display_manager.o
                0x08003d78                bn::display_manager::disable_all_bgs()
 .text._ZN2bn15display_manager36fill_mosaic_hblank_effect_attributesEPKNS_17mosaic_attributesEPt
                0x08003d8c       0xb4 bn_display_manager.o
                0x08003d8c                bn::display_manager::fill_mosaic_hblank_effect_attributes(bn::mosaic_attributes const*, unsigned short*)
 .text._ZN2bn15display_manager27set_blending_top_bg_enabledEib
                0x08003e40       0x20 bn_display_manager.o
                0x08003e40                bn::display_manager::set_blending_top_bg_enabled(int, bool)
 .text._ZN2bn15display_manager30set_blending_bottom_bg_enabledEib
                0x08003e60       0x20 bn_display_manager.o
                0x08003e60                bn::display_manager::set_blending_bottom_bg_enabled(int, bool)
 .text._ZN2bn15display_manager32blending_transparency_top_weightEv
                0x08003e80       0x18 bn_display_manager.o
                0x08003e80                bn::display_manager::blending_transparency_top_weight()
 .text._ZN2bn15display_manager35blending_transparency_bottom_weightEv
                0x08003e98       0x28 bn_display_manager.o
                0x08003e98                bn::display_manager::blending_transparency_bottom_weight()
 .text._ZN2bn15display_manager51fill_blending_transparency_hblank_effect_attributesEPKNS_32blending_transparency_attributesEPt
                0x08003ec0       0x30 bn_display_manager.o
                0x08003ec0                bn::display_manager::fill_blending_transparency_hblank_effect_attributes(bn::blending_transparency_attributes const*, unsigned short*)
 .text._ZN2bn15display_manager21blending_fade_enabledEv
                0x08003ef0        0xc bn_display_manager.o
                0x08003ef0                bn::display_manager::blending_fade_enabled()
 .text._ZN2bn15display_manager39fill_blending_fade_hblank_effect_alphasEPKNS_19blending_fade_alphaEPt
                0x08003efc       0x24 bn_display_manager.o
                0x08003efc                bn::display_manager::fill_blending_fade_hblank_effect_alphas(bn::blending_fade_alpha const*, unsigned short*)
 .text._ZN2bn15display_manager26update_windows_visible_bgsEv
                0x08003f20       0x14 bn_display_manager.o
                0x08003f20                bn::display_manager::update_windows_visible_bgs()
 .text._ZN2bn15display_manager36rect_window_hw_horizontal_boundariesEi
                0x08003f34       0x18 bn_display_manager.o
                0x08003f34                bn::display_manager::rect_window_hw_horizontal_boundaries(int)
 .text._ZN2bn15display_manager34rect_window_hw_vertical_boundariesEi
                0x08003f4c       0x18 bn_display_manager.o
                0x08003f4c                bn::display_manager::rect_window_hw_vertical_boundaries(int)
 .text._ZN2bn15display_manager52fill_rect_window_hblank_effect_horizontal_boundariesERKSt4pairIiiEPKS1_INS_7fixed_tILi12EEES6_EPt
                0x08003f64      0x134 bn_display_manager.o
                0x08003f64                bn::display_manager::fill_rect_window_hblank_effect_horizontal_boundaries(std::pair<int, int> const&, std::pair<bn::fixed_t<12>, bn::fixed_t<12> > const*, unsigned short*)
 .text._ZN2bn15display_manager50fill_rect_window_hblank_effect_vertical_boundariesERKSt4pairIiiEPKS1_INS_7fixed_tILi12EEES6_EPt
                0x08004098      0x134 bn_display_manager.o
                0x08004098                bn::display_manager::fill_rect_window_hblank_effect_vertical_boundaries(std::pair<int, int> const&, std::pair<bn::fixed_t<12>, bn::fixed_t<12> > const*, unsigned short*)
 .text._ZN2bn15display_manager36fill_green_swap_hblank_effect_statesEPKbPt
                0x080041cc       0x38 bn_display_manager.o
                0x080041cc                bn::display_manager::fill_green_swap_hblank_effect_states(bool const*, unsigned short*)
 .text._ZN2bn15display_manager14update_camerasEv
                0x08004204       0x40 bn_display_manager.o
                0x08004204                bn::display_manager::update_cameras()
 .text._ZN2bn15display_manager6updateEv
                0x08004244      0x254 bn_display_manager.o
                0x08004244                bn::display_manager::update()
 .text._ZN2bn15display_manager6commitEv
                0x08004498      0x12c bn_display_manager.o
                0x08004498                bn::display_manager::commit()
 .text._ZN2bn15display_manager4stopEv
                0x080045c4       0x28 bn_display_manager.o
                0x080045c4                bn::display_manager::stop()
 .text._ZN3_bn6assert9show_argsIA66_cEEvPKcS4_S4_iRKT_
                0x080045ec       0x48 bn_display_manager.o
                0x080045ec                void _bn::assert::show_args<char [66]>(char const*, char const*, char const*, int, char const (&) [66])
 .text.startup._GLOBAL__sub_I__ZNK2bn6window7show_bgERKNS_14regular_bg_ptrE
                0x08004634       0xa4 bn_display_manager.o
 .text._ZN2bn12gpio_manager5sleepEv
                0x080046d8       0x28 bn_gpio_manager.o
                0x080046d8                bn::gpio_manager::sleep()
 .text._ZN2bn22hblank_effects_manager12_GLOBAL__N_19item_type18_output_values_ptrEv
                0x08004700       0x40 bn_hblank_effects_manager.o
 .text._ZN2bn22hblank_effects_manager7disableEv
                0x08004740       0x24 bn_hblank_effects_manager.o
                0x08004740                bn::hblank_effects_manager::disable()
 .text._ZN2bn22hblank_effects_manager4stopEv
                0x08004764       0x38 bn_hblank_effects_manager.o
                0x08004764                bn::hblank_effects_manager::stop()
 .text._ZN2bn22hblank_effects_manager6commitEv
                0x0800479c       0x88 bn_hblank_effects_manager.o
                0x0800479c                bn::hblank_effects_manager::commit()
 .text._ZN2bn22hblank_effects_manager12_GLOBAL__N_110_is_uint32ENS0_12handler_typeE
                0x08004824       0x64 bn_hblank_effects_manager.o
 .text._ZN2bn22hblank_effects_manager12_GLOBAL__N_19item_type12check_updateEv
                0x08004888     0x1640 bn_hblank_effects_manager.o
 .text._ZN3_bn6assert9show_argsIA18_cEEvPKcS4_S4_iRKT_
                0x08005ec8       0x48 bn_hblank_effects_manager.o
                0x08005ec8                void _bn::assert::show_args<char [18]>(char const*, char const*, char const*, int, char const (&) [18])
 .text._ZN2bn22hblank_effects_manager6updateEv
                0x08005f10      0x1ec bn_hblank_effects_manager.o
                0x08005f10                bn::hblank_effects_manager::update()
 .text._ZN2bn22hblank_effects_manager4initEv
                0x080060fc      0x190 bn_hblank_effects_manager.o
                0x080060fc                bn::hblank_effects_manager::init()
 .text.startup._GLOBAL__sub_I__ZN2bn4hbes10used_countEv
                0x0800628c       0xe8 bn_hblank_effects_manager.o
 .text._ZN2bn12hdma_manager4initEv
                0x08006374       0x40 bn_hdma_manager.o
                0x08006374                bn::hdma_manager::init()
 .text._ZN2bn12hdma_manager10force_stopEv
                0x080063b4       0x3c bn_hdma_manager.o
                0x080063b4                bn::hdma_manager::force_stop()
 .text._ZN2bn12hdma_manager7disableEv
                0x080063f0       0x30 bn_hdma_manager.o
                0x080063f0                bn::hdma_manager::disable()
 .text._ZN2bn12hdma_manager6updateEv
                0x08006420       0x6c bn_hdma_manager.o
                0x08006420                bn::hdma_manager::update()
 .text._ZN2bn12hdma_manager6commitEb
                0x0800648c      0x120 bn_hdma_manager.o
                0x0800648c                bn::hdma_manager::commit(bool)
 .text.startup._GLOBAL__sub_I__ZN2bn4hdma7runningEv
                0x080065ac       0x34 bn_hdma_manager.o
 .text._ZN2bn14keypad_manager4stopEv
                0x080065e0        0x4 bn_keypad_manager.o
                0x080065e0                bn::keypad_manager::stop()
 .text._ZN2bn14keypad_manager6updateEv
                0x080065e4       0xa8 bn_keypad_manager.o
                0x080065e4                bn::keypad_manager::update()
 .text._ZN2bn14keypad_manager4initERKNS_11string_viewE
                0x0800668c       0x64 bn_keypad_manager.o
                0x0800668c                bn::keypad_manager::init(bn::string_view const&)
 .text._ZN3_bn6assert9show_argsIA16_cEEvPKcS4_S4_iRKT_
                0x080066f0       0x48 bn_keypad_manager.o
                0x080066f0                void _bn::assert::show_args<char [16]>(char const*, char const*, char const*, int, char const (&) [16])
 .text._ZN2bn12link_manager4initEv
                0x08006738        0xc bn_link_manager.o
                0x08006738                bn::link_manager::init()
 .text._ZN2bn12link_manager6activeEv
                0x08006744        0xc bn_link_manager.o
                0x08006744                bn::link_manager::active()
 .text._ZN2bn12link_manager7disableEv
                0x08006750       0x18 bn_link_manager.o
                0x08006750                bn::link_manager::disable()
 .text._ZN2bn14memory_manager12_GLOBAL__N_111static_dataD2Ev
                0x08006768       0x10 bn_memory_manager.o
 .text._ZN2bn14memory_manager4initEv
                0x08006778       0x2c bn_memory_manager.o
                0x08006778                bn::memory_manager::init()
 .text.startup._GLOBAL__sub_I__Znwj
                0x080067a4       0x20 bn_memory_manager.o
 .text._ZN2bn16palettes_manager12_GLOBAL__N_111static_dataD2Ev
                0x080067c4        0x4 bn_palettes_manager.o
 .text._ZN2bn2hw8palettes9grayscaleEPKNS_5colorEiiPS2_.part.0
                0x080067c8       0x40 bn_palettes_manager.o
 .text._ZNK2bn14bg_palette_ptr3bppEv
                0x08006808       0x20 bn_palettes_manager.o
                0x08006808                bn::bg_palette_ptr::bpp() const
 .text._ZNK2bn18sprite_palette_ptr3bppEv
                0x08006828       0x1c bn_palettes_manager.o
                0x08006828                bn::sprite_palette_ptr::bpp() const
 .text._ZNK2bn13palettes_bank10log_statusEv
                0x08006844      0x17c bn_palettes_manager.o
                0x08006844                bn::palettes_bank::log_status() const
 .text._ZN2bn13palettes_bank10find_bpp_4ERKNS_4spanIKNS_5colorEEEt
                0x080069c0      0x118 bn_palettes_manager.o
                0x080069c0                bn::palettes_bank::find_bpp_4(bn::span<bn::color const> const&, unsigned short)
 .text._ZNK2bn13palettes_bank20retrieve_commit_dataEv
                0x08006ad8       0x4c bn_palettes_manager.o
                0x08006ad8                bn::palettes_bank::retrieve_commit_data() const
 .text._ZNK2bn13palettes_bank21_apply_global_effectsEiPNS_5colorE
                0x08006b24      0x13c bn_palettes_manager.o
                0x08006b24                bn::palettes_bank::_apply_global_effects(int, bn::color*) const
 .text._ZNK2bn13palettes_bank25fill_hblank_effect_colorsEPKNS_5colorEPt
                0x08006c60       0x30 bn_palettes_manager.o
                0x08006c60                bn::palettes_bank::fill_hblank_effect_colors(bn::color const*, unsigned short*) const
 .text._ZNK2bn13palettes_bank7palette13apply_effectsEiPNS_5colorE
                0x08006c90       0xbc bn_palettes_manager.o
                0x08006c90                bn::palettes_bank::palette::apply_effects(int, bn::color*) const
 .text._ZNK2bn13palettes_bank25fill_hblank_effect_colorsEiPKNS_5colorEPt
                0x08006d4c       0x44 bn_palettes_manager.o
                0x08006d4c                bn::palettes_bank::fill_hblank_effect_colors(int, bn::color const*, unsigned short*) const
 .text._ZN2bn13palettes_bank15_update_paletteEi
                0x08006d90       0x7c bn_palettes_manager.o
                0x08006d90                bn::palettes_bank::_update_palette(int)
 .text._ZN2bn13palettes_bank6updateEv
                0x08006e0c      0x134 bn_palettes_manager.o
                0x08006e0c                bn::palettes_bank::update()
 .text._ZN2bn13palettes_bankC2Ev
                0x08006f40       0xd4 bn_palettes_manager.o
                0x08006f40                bn::palettes_bank::palettes_bank()
                0x08006f40                bn::palettes_bank::palettes_bank()
 .text._ZN2bn16palettes_manager4initERKNS_8optionalINS_5colorEEE
                0x08007014      0x184 bn_palettes_manager.o
                0x08007014                bn::palettes_manager::init(bn::optional<bn::color> const&)
 .text._ZN2bn16palettes_manager20sprite_palettes_bankEv
                0x08007198        0x8 bn_palettes_manager.o
                0x08007198                bn::palettes_manager::sprite_palettes_bank()
 .text._ZN2bn16palettes_manager16bg_palettes_bankEv
                0x080071a0        0x8 bn_palettes_manager.o
                0x080071a0                bn::palettes_manager::bg_palettes_bank()
 .text._ZN2bn16palettes_manager6updateEv
                0x080071a8       0x20 bn_palettes_manager.o
                0x080071a8                bn::palettes_manager::update()
 .text._ZN2bn16palettes_manager6commitEb
                0x080071c8      0x104 bn_palettes_manager.o
                0x080071c8                bn::palettes_manager::commit(bool)
 .text._ZN2bn16palettes_manager4stopEv
                0x080072cc       0x20 bn_palettes_manager.o
                0x080072cc                bn::palettes_manager::stop()
 .text._ZN3_bn6assert9show_argsIA35_cEEvPKcS4_S4_iRKT_
                0x080072ec       0x48 bn_palettes_manager.o
                0x080072ec                void _bn::assert::show_args<char [35]>(char const*, char const*, char const*, int, char const (&) [35])
 .text._ZN2bn13palettes_bank11colors_hashERKNS_4spanIKNS_5colorEEE
                0x08007334       0x48 bn_palettes_manager.o
                0x08007334                bn::palettes_bank::colors_hash(bn::span<bn::color const> const&)
 .text._ZN3_bn6assert9show_argsIJA43_ciA36_cA42_cEEEvPKcS6_S6_iDpRKT_
                0x0800737c       0x64 bn_palettes_manager.o
                0x0800737c                void _bn::assert::show_args<char [43], int, char [36], char [42]>(char const*, char const*, char const*, int, char const (&) [43], int const&, char const (&) [36], char const (&) [42])
 .text._ZN2bn13palettes_bank12create_bpp_8ERKNS_4spanIKNS_5colorEEENS_16compression_typeEb
                0x080073e0      0x230 bn_palettes_manager.o
                0x080073e0                bn::palettes_bank::create_bpp_8(bn::span<bn::color const> const&, bn::compression_type, bool)
 .text._ZNK2bn19sprite_palette_item10decompressENS_4spanINS_5colorEEE
                0x08007610      0x16c bn_palettes_manager.o
                0x08007610                bn::sprite_palette_item::decompress(bn::span<bn::color>) const
 .text._ZN2bn14iunordered_mapItsNS_15identity_hasherENS_8equal_toItEEE21insert_or_assign_hashEjOSt4pairIKtsE.isra.0
                0x0800777c      0x110 bn_palettes_manager.o
 .text._ZN2bn13palettes_bank12create_bpp_4ERKNS_4spanIKNS_5colorEEEtb
                0x0800788c      0x168 bn_palettes_manager.o
                0x0800788c                bn::palettes_bank::create_bpp_4(bn::span<bn::color const> const&, unsigned short, bool)
 .text._ZN2bn12_GLOBAL__N_112_create_implERKNS_19sprite_palette_itemEb
                0x080079f4       0x7c bn_palettes_manager.o
 .text._ZNK2bn19sprite_palette_item14create_paletteEv
                0x08007a70       0x48 bn_palettes_manager.o
                0x08007a70                bn::sprite_palette_item::create_palette() const
 .text._ZN2bn13palettes_bank30_erase_bpp_4_indexes_map_indexEt
                0x08007ab8      0x1e0 bn_palettes_manager.o
                0x08007ab8                bn::palettes_bank::_erase_bpp_4_indexes_map_index(unsigned short)
 .text._ZN2bn13palettes_bank15decrease_usagesEi
                0x08007c98       0x80 bn_palettes_manager.o
                0x08007c98                bn::palettes_bank::decrease_usages(int)
 .text._ZN2bn14bg_palette_ptrD2Ev
                0x08007d18       0x20 bn_palettes_manager.o
                0x08007d18                bn::bg_palette_ptr::~bg_palette_ptr()
                0x08007d18                bn::bg_palette_ptr::~bg_palette_ptr()
 .text._ZN2bn18sprite_palette_ptrD2Ev
                0x08007d38       0x20 bn_palettes_manager.o
                0x08007d38                bn::sprite_palette_ptr::~sprite_palette_ptr()
                0x08007d38                bn::sprite_palette_ptr::~sprite_palette_ptr()
 .text.startup._GLOBAL__sub_I__ZN2bn11bg_palettes17used_colors_countEv
                0x08007d58       0x34 bn_palettes_manager.o
 .text._ZN2bn26sprite_affine_mats_manager12_GLOBAL__N_119_sprite_double_sizeILi32ELi16EEEbiiiii
                0x08007d8c       0x84 bn_sprite_affine_mats_manager.o
 .text._ZN2bn26sprite_affine_mats_manager12_GLOBAL__N_119_sprite_double_sizeILi16ELi32EEEbiiiii
                0x08007e10       0x84 bn_sprite_affine_mats_manager.o
 .text._ZN2bn26sprite_affine_mats_manager12_GLOBAL__N_111static_dataD2Ev
                0x08007e94       0x3c bn_sprite_affine_mats_manager.o
 .text._ZNK2bn26sprite_affine_mats_manager12_GLOBAL__N_19item_type18sprite_double_sizeEiRKNS_17sprite_shape_sizeE.isra.0
                0x08007ed0      0x1ac bn_sprite_affine_mats_manager.o
 .text._ZNK2bn21sprite_affine_mat_ptr15horizontal_flipEv
                0x0800807c       0x18 bn_sprite_affine_mats_manager.o
                0x0800807c                bn::sprite_affine_mat_ptr::horizontal_flip() const
 .text._ZNK2bn21sprite_affine_mat_ptr13vertical_flipEv
                0x08008094       0x18 bn_sprite_affine_mats_manager.o
                0x08008094                bn::sprite_affine_mat_ptr::vertical_flip() const
 .text._ZN2bn26sprite_affine_mats_manager20retrieve_commit_dataEv
                0x080080ac       0x38 bn_sprite_affine_mats_manager.o
                0x080080ac                bn::sprite_affine_mats_manager::retrieve_commit_data()
 .text._ZN3_bn6assert9show_argsIA37_cEEvPKcS4_S4_iRKT_
                0x080080e4       0x48 bn_sprite_affine_mats_manager.o
                0x080080e4                void _bn::assert::show_args<char [37]>(char const*, char const*, char const*, int, char const (&) [37])
 .text._ZN2bn26sprite_affine_mats_manager15decrease_usagesEi.part.0
                0x0800812c       0x70 bn_sprite_affine_mats_manager.o
 .text._ZN2bn21sprite_affine_mat_ptrD2Ev
                0x0800819c       0x34 bn_sprite_affine_mats_manager.o
                0x0800819c                bn::sprite_affine_mat_ptr::~sprite_affine_mat_ptr()
                0x0800819c                bn::sprite_affine_mat_ptr::~sprite_affine_mat_ptr()
 .text._ZN2bn26sprite_affine_mats_manager6updateEv
                0x080081d0      0x2d0 bn_sprite_affine_mats_manager.o
                0x080081d0                bn::sprite_affine_mats_manager::update()
 .text._ZN2bn26sprite_affine_mats_manager4initEPv
                0x080084a0      0x108 bn_sprite_affine_mats_manager.o
                0x080084a0                bn::sprite_affine_mats_manager::init(void*)
 .text._ZN2bn26sprite_affine_mats_manager14dettach_spriteEiRNS_24intrusive_list_node_typeE
                0x080085a8       0x4c bn_sprite_affine_mats_manager.o
                0x080085a8                bn::sprite_affine_mats_manager::dettach_sprite(int, bn::intrusive_list_node_type&)
 .text.startup._GLOBAL__sub_I__ZN2bn18sprite_affine_mats10used_countEv
                0x080085f4       0xb4 bn_sprite_affine_mats_manager.o
 .text._ZN3_bn6assert9show_argsIA54_cEEvPKcS4_S4_iRKT_
                0x080086a8       0x48 bn_sprite_text_generator.o
                0x080086a8                void _bn::assert::show_args<char [54]>(char const*, char const*, char const*, int, char const (&) [54])
 .text._ZNK2bn16sprite_tiles_ptr2idEv
                0x080086f0       0x18 bn_sprite_tiles_manager.o
                0x080086f0                bn::sprite_tiles_ptr::id() const
 .text._ZNK2bn16sprite_tiles_ptr11tiles_countEv
                0x08008708       0x18 bn_sprite_tiles_manager.o
                0x08008708                bn::sprite_tiles_ptr::tiles_count() const
 .text._ZN2bn20sprite_tiles_manager10log_statusEv
                0x08008720      0x1ec bn_sprite_tiles_manager.o
                0x08008720                bn::sprite_tiles_manager::log_status()
 .text._ZN2bn20sprite_tiles_manager19commit_uncompressedEb
                0x0800890c       0xdc bn_sprite_tiles_manager.o
                0x0800890c                bn::sprite_tiles_manager::commit_uncompressed(bool)
 .text._ZN3_bn6assert9show_argsIJA44_cPKN2bn4tileEA4_cS6_EEEvPKcS9_S9_iDpRKT_
                0x080089e8       0x64 bn_sprite_tiles_manager.o
                0x080089e8                void _bn::assert::show_args<char [44], bn::tile const*, char [4], bn::tile const*>(char const*, char const*, char const*, int, char const (&) [44], bn::tile const* const&, char const (&) [4], bn::tile const* const&)
 .text._ZN3_bn6assert9show_argsIJA46_ciA4_cjEEEvPKcS5_S5_iDpRKT_
                0x08008a4c       0x64 bn_sprite_tiles_manager.o
                0x08008a4c                void _bn::assert::show_args<char [46], int, char [4], unsigned int>(char const*, char const*, char const*, int, char const (&) [46], int const&, char const (&) [4], unsigned int const&)
 .text._ZN2bn20sprite_tiles_manager12_GLOBAL__N_110_hw_commitEPKNS_4tileENS_16compression_typeEii
                0x08008ab0       0x9c bn_sprite_tiles_manager.o
 .text._ZN2bn20sprite_tiles_manager17commit_compressedEv
                0x08008b4c       0x68 bn_sprite_tiles_manager.o
                0x08008b4c                bn::sprite_tiles_manager::commit_compressed()
 .text._ZN3_bn6assert9show_argsIJA28_cA15_cPKN2bn4tileEA16_ciA34_cNS4_11string_viewEEEEvPKcSC_SC_iDpRKT_
                0x08008bb4       0x7c bn_sprite_tiles_manager.o
                0x08008bb4                void _bn::assert::show_args<char [28], char [15], bn::tile const*, char [16], int, char [34], bn::string_view>(char const*, char const*, char const*, int, char const (&) [28], char const (&) [15], bn::tile const* const&, char const (&) [16], int const&, char const (&) [34], bn::string_view const&)
 .text._ZN2bn20sprite_tiles_manager4initEv
                0x08008c30      0x190 bn_sprite_tiles_manager.o
                0x08008c30                bn::sprite_tiles_manager::init()
 .text._ZN2bn20sprite_tiles_manager12_GLOBAL__N_122_insert_to_commit_itemEiRNS1_9item_typeE.part.0
                0x08008dc0       0x6c bn_sprite_tiles_manager.o
 .text._ZN2bn20sprite_tiles_manager12_GLOBAL__N_117_insert_free_itemEiPt
                0x08008e2c       0xcc bn_sprite_tiles_manager.o
 .text._ZN2bn20sprite_tiles_manager12_GLOBAL__N_116_erase_free_itemEi
                0x08008ef8       0xe4 bn_sprite_tiles_manager.o
 .text._ZN2bn20sprite_tiles_manager12_GLOBAL__N_121_erase_to_commit_itemEiRNS1_9item_typeE
                0x08008fdc      0x100 bn_sprite_tiles_manager.o
 .text._ZN2bn20sprite_tiles_manager15decrease_usagesEi
                0x080090dc      0x134 bn_sprite_tiles_manager.o
                0x080090dc                bn::sprite_tiles_manager::decrease_usages(int)
 .text._ZN2bn16sprite_tiles_ptrD2Ev
                0x08009210       0x18 bn_sprite_tiles_manager.o
                0x08009210                bn::sprite_tiles_ptr::~sprite_tiles_ptr()
                0x08009210                bn::sprite_tiles_ptr::~sprite_tiles_ptr()
 .text._ZN2bn20sprite_tiles_manager12_GLOBAL__N_110_find_implEPKNS_4tileENS_16compression_typeEi
                0x08009228      0x28c bn_sprite_tiles_manager.o
 .text._ZN2bn20sprite_tiles_manager12_GLOBAL__N_121_erase_items_map_itemEPKNS_4tileE
                0x080094b4      0x228 bn_sprite_tiles_manager.o
 .text._ZN2bn20sprite_tiles_manager12_GLOBAL__N_112_create_itemEiPKNS_4tileENS_16compression_typeEib
                0x080096dc      0x1d4 bn_sprite_tiles_manager.o
 .text._ZN2bn20sprite_tiles_manager6updateEv
                0x080098b0      0x1b0 bn_sprite_tiles_manager.o
                0x080098b0                bn::sprite_tiles_manager::update()
 .text._ZN2bn20sprite_tiles_manager12_GLOBAL__N_112_create_implEPKNS_4tileENS_16compression_typeEi
                0x08009a60      0x200 bn_sprite_tiles_manager.o
 .text._ZN2bn20sprite_tiles_manager12_GLOBAL__N_122_insert_items_map_itemEPKNS_4tileEi
                0x08009c60       0xc4 bn_sprite_tiles_manager.o
 .text._ZN2bn20sprite_tiles_manager6createERKNS_4spanIKNS_4tileEEENS_16compression_typeE
                0x08009d24       0x90 bn_sprite_tiles_manager.o
                0x08009d24                bn::sprite_tiles_manager::create(bn::span<bn::tile const> const&, bn::compression_type)
 .text._ZN2bn16sprite_tiles_ptr6createERKNS_17sprite_tiles_itemE
                0x08009db4       0x84 bn_sprite_tiles_manager.o
                0x08009db4                bn::sprite_tiles_ptr::create(bn::sprite_tiles_item const&)
 .text._ZNK2bn17sprite_tiles_item12create_tilesEv
                0x08009e38       0x10 bn_sprite_tiles_manager.o
                0x08009e38                bn::sprite_tiles_item::create_tiles() const
 .text.startup._GLOBAL__sub_I__ZN2bn12sprite_tiles16used_tiles_countEv
                0x08009e48      0x12c bn_sprite_tiles_manager.o
 .text._ZN2bn15sprites_manager12_GLOBAL__N_132_always_update_indexes_to_commitERKNS_20sprites_manager_itemE
                0x08009f74       0x48 bn_sprites_manager.o
 .text._ZN2bn15sprites_manager12_GLOBAL__N_111static_dataD2Ev
                0x08009fbc       0x44 bn_sprites_manager.o
 .text._ZN2bn13ostringstream11append_argsIiJA4_ciEEEvRKT_DpRKT0_.isra.0
                0x0800a000       0x24 bn_sprites_manager.o
 .text._ZN2bn15sprites_manager12_GLOBAL__N_123_update_item_dimensionsERNS_20sprites_manager_itemE
                0x0800a024       0xc8 bn_sprites_manager.o
 .text._ZN2bn15sprites_manager4initEv
                0x0800a0ec       0xd0 bn_sprites_manager.o
                0x0800a0ec                bn::sprites_manager::init()
 .text._ZN2bn15sprites_manager5hw_idEPv
                0x0800a1bc        0x8 bn_sprites_manager.o
                0x0800a1bc                bn::sprites_manager::hw_id(void*)
 .text._ZN2bn15sprites_manager5shapeEPv
                0x0800a1c4        0x8 bn_sprites_manager.o
                0x0800a1c4                bn::sprites_manager::shape(void*)
 .text._ZN2bn15sprites_manager4sizeEPv
                0x0800a1cc        0x8 bn_sprites_manager.o
                0x0800a1cc                bn::sprites_manager::size(void*)
 .text._ZN2bn15sprites_manager10shape_sizeEPv
                0x0800a1d4       0x14 bn_sprites_manager.o
                0x0800a1d4                bn::sprites_manager::shape_size(void*)
 .text._ZN2bn15sprites_manager11hw_positionEPv
                0x0800a1e8        0x4 bn_sprites_manager.o
                0x0800a1e8                bn::sprites_manager::hw_position(void*)
 .text._ZN2bn15sprites_manager9view_modeEPv
                0x0800a1ec        0xc bn_sprites_manager.o
                0x0800a1ec                bn::sprites_manager::view_mode(void*)
 .text._ZN2bn15sprites_manager10affine_matEPv
                0x0800a1f8        0x4 bn_sprites_manager.o
                0x0800a1f8                bn::sprites_manager::affine_mat(void*)
 .text._ZN2bn15sprites_manager39fill_hblank_effect_horizontal_positionsEPviPKNS_7fixed_tILi12EEEPt
                0x0800a1fc       0x44 bn_sprites_manager.o
                0x0800a1fc                bn::sprites_manager::fill_hblank_effect_horizontal_positions(void*, int, bn::fixed_t<12> const*, unsigned short*)
 .text._ZN2bn15sprites_manager37fill_hblank_effect_vertical_positionsEPviPKNS_7fixed_tILi12EEEPt
                0x0800a240       0x44 bn_sprites_manager.o
                0x0800a240                bn::sprites_manager::fill_hblank_effect_vertical_positions(void*, int, bn::fixed_t<12> const*, unsigned short*)
 .text._ZN2bn15sprites_manager35fill_hblank_effect_first_attributesEiNS_12sprite_shapeENS_8bpp_modeEiPKNS_23sprite_first_attributesEPt
                0x0800a284       0xdc bn_sprites_manager.o
                0x0800a284                bn::sprites_manager::fill_hblank_effect_first_attributes(int, bn::sprite_shape, bn::bpp_mode, int, bn::sprite_first_attributes const*, unsigned short*)
 .text._ZN2bn15sprites_manager44fill_hblank_effect_regular_second_attributesEPviNS_11sprite_sizeEPKNS_32sprite_regular_second_attributesEPt
                0x0800a360       0x60 bn_sprites_manager.o
                0x0800a360                bn::sprites_manager::fill_hblank_effect_regular_second_attributes(void*, int, bn::sprite_size, bn::sprite_regular_second_attributes const*, unsigned short*)
 .text._ZN2bn15sprites_manager43fill_hblank_effect_affine_second_attributesEPviNS_11sprite_sizeEPKNS_31sprite_affine_second_attributesEPt
                0x0800a3c0       0x58 bn_sprites_manager.o
                0x0800a3c0                bn::sprites_manager::fill_hblank_effect_affine_second_attributes(void*, int, bn::sprite_size, bn::sprite_affine_second_attributes const*, unsigned short*)
 .text._ZN2bn15sprites_manager14update_camerasEv
                0x0800a418       0x20 bn_sprites_manager.o
                0x0800a418                bn::sprites_manager::update_cameras()
 .text._ZN2bn15sprites_manager23update_auto_double_sizeEPv
                0x0800a438       0x2c bn_sprites_manager.o
                0x0800a438                bn::sprites_manager::update_auto_double_size(void*)
 .text._ZN2bn15sprites_manager6commitEb
                0x0800a464       0xa4 bn_sprites_manager.o
                0x0800a464                bn::sprites_manager::commit(bool)
 .text._ZN2bn15sprites_manager12_GLOBAL__N_118_remove_affine_matERNS_20sprites_manager_itemE
                0x0800a508       0xe4 bn_sprites_manager.o
 .text._ZN2bn15sprites_manager42remove_identity_affine_mat_when_not_neededEPv
                0x0800a5ec        0xc bn_sprites_manager.o
                0x0800a5ec                bn::sprites_manager::remove_identity_affine_mat_when_not_needed(void*)
 .text._ZN2bn15sprites_manager7paletteEPv
                0x0800a5f8       0x34 bn_sprites_manager.o
                0x0800a5f8                bn::sprites_manager::palette(void*)
 .text._ZN2bn15sprites_manager6updateEv
                0x0800a62c      0x158 bn_sprites_manager.o
                0x0800a62c                bn::sprites_manager::update()
 .text._ZN3_bn6assert9show_argsIJA27_ciA4_ciEEEvPKcS5_S5_iDpRKT_
                0x0800a784       0x58 bn_sprites_manager.o
                0x0800a784                void _bn::assert::show_args<char [27], int, char [4], int>(char const*, char const*, char const*, int, char const (&) [27], int const&, char const (&) [4], int const&)
 .text._ZN2bn15sprites_manager35fill_hblank_effect_third_attributesENS_17sprite_shape_sizeEPKNS_23sprite_third_attributesEPt
                0x0800a7dc      0x2f0 bn_sprites_manager.o
                0x0800a7dc                bn::sprites_manager::fill_hblank_effect_third_attributes(bn::sprite_shape_size, bn::sprite_third_attributes const*, unsigned short*)
 .text._ZN2bn14sorted_sprites6sorter6insertERNS_20sprites_manager_itemE
                0x0800aacc      0x170 bn_sprites_manager.o
                0x0800aacc                bn::sorted_sprites::sorter::insert(bn::sprites_manager_item&)
 .text._ZN2bn15sprites_manager6createERKNS_13fixed_point_tILi12EEERKNS_17sprite_shape_sizeEONS_16sprite_tiles_ptrEONS_18sprite_palette_ptrE
                0x0800ac3c      0x1dc bn_sprites_manager.o
                0x0800ac3c                bn::sprites_manager::create(bn::fixed_point_t<12> const&, bn::sprite_shape_size const&, bn::sprite_tiles_ptr&&, bn::sprite_palette_ptr&&)
 .text._ZNK2bn11sprite_item13create_spriteENS_7fixed_tILi12EEES2_
                0x0800ae18       0x44 bn_sprites_manager.o
                0x0800ae18                bn::sprite_item::create_sprite(bn::fixed_t<12>, bn::fixed_t<12>) const
 .text.startup._GLOBAL__sub_I__ZN2bn7sprites16used_items_countEv
                0x0800ae5c       0xac bn_sprites_manager.o
 .text._ZN2bn13ostringstreamC2ERNS_12istring_baseE
                0x0800af08        0x8 bn_sstream.o
                0x0800af08                bn::ostringstream::ostringstream(bn::istring_base&)
                0x0800af08                bn::ostringstream::ostringstream(bn::istring_base&)
 .text._ZN2bn13ostringstream6appendEPKc
                0x0800af10       0xa4 bn_sstream.o
                0x0800af10                bn::ostringstream::append(char const*)
 .text._ZN2bn13ostringstream6appendEi
                0x0800afb4       0xb0 bn_sstream.o
                0x0800afb4                bn::ostringstream::append(int)
 .text._ZN2bn13ostringstream6appendERKNS_11string_viewE
                0x0800b064       0xb8 bn_sstream.o
                0x0800b064                bn::ostringstream::append(bn::string_view const&)
 .text._ZN2bn13ostringstream6appendEj
                0x0800b11c       0xb0 bn_sstream.o
                0x0800b11c                bn::ostringstream::append(unsigned int)
 .text._ZN2bn13ostringstream6appendEPKv
                0x0800b1cc      0x100 bn_sstream.o
                0x0800b1cc                bn::ostringstream::append(void const*)
 .text._ZN2bn13ostringstream6appendEc
                0x0800b2cc       0x44 bn_sstream.o
                0x0800b2cc                bn::ostringstream::append(char)
 .text._ZN2bn18igeneric_pool_baseC2EPci
                0x0800b310       0x10 bn_translation_unit.o
                0x0800b310                bn::igeneric_pool_base::igeneric_pool_base(char*, int)
                0x0800b310                bn::igeneric_pool_base::igeneric_pool_base(char*, int)
 .text._ZN2bn18igeneric_pool_base5_freeEPc
                0x0800b320       0x10 bn_translation_unit.o
                0x0800b320                bn::igeneric_pool_base::_free(char*)
 .text._ZN2bn5timerC2Ev
                0x0800b330       0x24 bn_translation_unit.o
                0x0800b330                bn::timer::timer()
                0x0800b330                bn::timer::timer()
 .text._ZNK2bn5timer13elapsed_ticksEv
                0x0800b354       0x28 bn_translation_unit.o
                0x0800b354                bn::timer::elapsed_ticks() const
 .text._ZN2bn5timer7restartEv
                0x0800b37c       0x24 bn_translation_unit.o
                0x0800b37c                bn::timer::restart()
 .text._ZN2bn3logERKNS_12istring_baseE
                0x0800b3a0       0x58 bn_translation_unit.o
                0x0800b3a0                bn::log(bn::istring_base const&)
 .text._ZN2bn18igeneric_pool_baseD2Ev
                0x0800b3f8       0x30 bn_translation_unit.o
                0x0800b3f8                bn::igeneric_pool_base::~igeneric_pool_base()
                0x0800b3f8                bn::igeneric_pool_base::~igeneric_pool_base()
 .text._ZN2bn18igeneric_pool_base9_allocateEv
                0x0800b428       0x48 bn_translation_unit.o
                0x0800b428                bn::igeneric_pool_base::_allocate()
 .text._ZN2bn2hw5audio12_GLOBAL__N_111static_dataD2Ev
                0x0800b470       0x18 bn_hw_audio.o
 .text._ZN2bn2hw5audio12_GLOBAL__N_17_commitEv
                0x0800b488       0x48 bn_hw_audio.o
 .text._ZN2bn2hw5audio12_GLOBAL__N_115_vblank_handlerEv
                0x0800b4d0       0x24 bn_hw_audio.o
 .text._ZN2bn2hw5audio4initEv
                0x0800b4f4       0x9c bn_hw_audio.o
                0x0800b4f4                bn::hw::audio::init()
 .text._ZN2bn2hw5audio7disableEv
                0x0800b590       0x34 bn_hw_audio.o
                0x0800b590                bn::hw::audio::disable()
 .text._ZN2bn2hw5audio13music_playingEv
                0x0800b5c4       0x20 bn_hw_audio.o
                0x0800b5c4                bn::hw::audio::music_playing()
 .text._ZN2bn2hw5audio10play_musicEib
                0x0800b5e4       0x1c bn_hw_audio.o
                0x0800b5e4                bn::hw::audio::play_music(int, bool)
 .text._ZN2bn2hw5audio10stop_musicEv
                0x0800b600       0x18 bn_hw_audio.o
                0x0800b600                bn::hw::audio::stop_music()
 .text._ZN2bn2hw5audio11pause_musicEv
                0x0800b618       0x18 bn_hw_audio.o
                0x0800b618                bn::hw::audio::pause_music()
 .text._ZN2bn2hw5audio12resume_musicEv
                0x0800b630       0x18 bn_hw_audio.o
                0x0800b630                bn::hw::audio::resume_music()
 .text._ZN2bn2hw5audio17dmg_music_playingEv
                0x0800b648       0x2c bn_hw_audio.o
                0x0800b648                bn::hw::audio::dmg_music_playing()
 .text._ZN2bn2hw5audio14stop_dmg_musicEv
                0x0800b674       0x28 bn_hw_audio.o
                0x0800b674                bn::hw::audio::stop_dmg_music()
 .text._ZN2bn2hw5audio15pause_dmg_musicEv
                0x0800b69c       0x28 bn_hw_audio.o
                0x0800b69c                bn::hw::audio::pause_dmg_music()
 .text._ZN2bn2hw5audio16resume_dmg_musicEv
                0x0800b6c4       0x28 bn_hw_audio.o
                0x0800b6c4                bn::hw::audio::resume_dmg_music()
 .text._ZN2bn2hw5audio18dmg_music_positionERiS2_
                0x0800b6ec       0x2c bn_hw_audio.o
                0x0800b6ec                bn::hw::audio::dmg_music_position(int&, int&)
 .text._ZN2bn2hw5audio6updateEv
                0x0800b718       0x14 bn_hw_audio.o
                0x0800b718                bn::hw::audio::update()
 .text._ZN3_bn6assert9show_argsIA47_ciEEvPKcS4_S4_iRKT_RKT0_
                0x0800b72c       0x54 bn_hw_audio.o
                0x0800b72c                void _bn::assert::show_args<char [47], int>(char const*, char const*, char const*, int, char const (&) [47], int const&)
 .text._ZN2bn2hw5audio14play_dmg_musicEPKvNS_14dmg_music_typeEib
                0x0800b780       0x8c bn_hw_audio.o
                0x0800b780                bn::hw::audio::play_dmg_music(void const*, bn::dmg_music_type, int, bool)
 .text._ZN2bn2hw5audio22set_dmg_music_positionEii
                0x0800b80c       0x54 bn_hw_audio.o
                0x0800b80c                bn::hw::audio::set_dmg_music_position(int, int)
 .text._ZN2bn2hw5audio20set_dmg_music_volumeEii
                0x0800b860       0x40 bn_hw_audio.o
                0x0800b860                bn::hw::audio::set_dmg_music_volume(int, int)
 .text._ZN3_bn6assert9show_argsIA20_cjEEvPKcS4_S4_iRKT_RKT0_
                0x0800b8a0       0x54 bn_hw_audio.o
                0x0800b8a0                void _bn::assert::show_args<char [20], unsigned int>(char const*, char const*, char const*, int, char const (&) [20], unsigned int const&)
 .text._ZN2bn2hw5audio6commitEv
                0x0800b8f4       0x58 bn_hw_audio.o
                0x0800b8f4                bn::hw::audio::commit()
 .text._ZN2bn2hw5audio12_GLOBAL__N_119_add_sound_to_queueEit
                0x0800b94c       0xa0 bn_hw_audio.o
 .text._ZN2bn2hw5audio12_GLOBAL__N_123_erase_sound_from_queueEt
                0x0800b9ec       0x90 bn_hw_audio.o
 .text._ZN2bn2hw5audio10stop_soundEt
                0x0800ba7c       0x20 bn_hw_audio.o
                0x0800ba7c                bn::hw::audio::stop_sound(unsigned short)
 .text._ZN2bn2hw5audio13release_soundEt
                0x0800ba9c       0x20 bn_hw_audio.o
                0x0800ba9c                bn::hw::audio::release_sound(unsigned short)
 .text._ZN2bn2hw5audio15stop_all_soundsEv
                0x0800babc       0x68 bn_hw_audio.o
                0x0800babc                bn::hw::audio::stop_all_sounds()
 .text._ZN2bn2hw5audio12_GLOBAL__N_119_check_sounds_queueEv.part.0
                0x0800bb24       0x98 bn_hw_audio.o
 .text._ZN2bn2hw5audio10play_soundEiiiii
                0x0800bbbc       0x48 bn_hw_audio.o
                0x0800bbbc                bn::hw::audio::play_sound(int, int, int, int, int)
 .text._ZN2bn2hw5audio10play_soundEii
                0x0800bc04       0x34 bn_hw_audio.o
                0x0800bc04                bn::hw::audio::play_sound(int, int)
 .text._ZN2bn2hw5audio19update_sounds_queueEv
                0x0800bc38       0x90 bn_hw_audio.o
                0x0800bc38                bn::hw::audio::update_sounds_queue()
 .text.startup._GLOBAL__sub_I__ZN2bn2hw5audio4initEv
                0x0800bcc8       0x40 bn_hw_audio.o
 .text.__libc_init_array
                0x0800bd08       0x50 bn_hw_common.bn_noflto.o
                0x0800bd08                __libc_init_array
 .text.__aeabi_atexit
                0x0800bd58        0x4 bn_hw_common.bn_noflto.o
                0x0800bd58                __aeabi_atexit
 .text._ZN3_bn6assert9show_argsIA40_cEEvPKcS4_S4_iRKT_
                0x0800bd5c       0x48 bn_hw_common.bn_noflto.o
                0x0800bd5c                void _bn::assert::show_args<char [40]>(char const*, char const*, char const*, int, char const (&) [40])
 .text.__aeabi_idiv0
                0x0800bda4       0x24 bn_hw_common.bn_noflto.o
                0x0800bda4                __aeabi_idiv0
 .text._ZN2bn2hw4gpio4initEv
                0x0800bdc8        0x8 bn_hw_gpio.bn_noflto.o
                0x0800bdc8                bn::hw::gpio::init()
 .text._ZN2bn2hw4link12_GLOBAL__N_119_resetStateCallbackEv
                0x0800bdd0       0x4c bn_hw_link.o
 .text._ZN2bn2hw4link4initEv
                0x0800be1c      0x120 bn_hw_link.o
                0x0800be1c                bn::hw::link::init()
 .text._ZN2bn2hw4link6activeEv
                0x0800bf3c       0x10 bn_hw_link.o
                0x0800bf3c                bn::hw::link::active()
 .text._ZN2bn2hw4link7disableEv
                0x0800bf4c       0x6c bn_hw_link.o
                0x0800bf4c                bn::hw::link::disable()
 .text._ZN2bn2hw4link6commitEv
                0x0800bfb8       0x30 bn_hw_link.o
                0x0800bfb8                bn::hw::link::commit()
 .text._ZN2bn2hw4link11_timer_intrEv
                0x0800bfe8       0xf8 bn_hw_link.o
                0x0800bfe8                bn::hw::link::_timer_intr()
 .text._ZN2bn2hw4link12_serial_intrEv
                0x0800c0e0      0x1bc bn_hw_link.o
                0x0800c0e0                bn::hw::link::_serial_intr()
 .text._ZN2bn2hw4link12_GLOBAL__N_117_sendDataCallbackEv
                0x0800c29c       0xe4 bn_hw_link.o
 .text._ZN2bn2hw4link12_GLOBAL__N_124_receiveResponseCallbackERKNS_2lc12LinkResponseE
                0x0800c380      0x15c bn_hw_link.o
 .text.startup._GLOBAL__sub_I__ZN2bn2hw4link4initEv
                0x0800c4dc       0x68 bn_hw_link.o
 .text._ZN2bn2hw6memory4initEv
                0x0800c544        0x4 bn_hw_memory.o
                0x0800c544                bn::hw::memory::init()
 .text._ZN2bn2hw8palettes8contrastEPKNS_5colorEiiPS2_
                0x0800c548       0x18 bn_hw_palettes.o
                0x0800c548                bn::hw::palettes::contrast(bn::color const*, int, int, bn::color*)
 .text._ZN2bn2hw8palettes9intensityEPKNS_5colorEiiPS2_
                0x0800c560       0x18 bn_hw_palettes.o
                0x0800c560                bn::hw::palettes::intensity(bn::color const*, int, int, bn::color*)
 .text._ZN2bn2hw8palettes9hue_shiftEPKNS_5colorEiiPS2_
                0x0800c578      0x14c bn_hw_palettes.o
                0x0800c578                bn::hw::palettes::hue_shift(bn::color const*, int, int, bn::color*)
 .text._ZN2bn2hw8palettes6rotateEPKNS_5colorEiiPS2_
                0x0800c6c4       0x2c bn_hw_palettes.o
                0x0800c6c4                bn::hw::palettes::rotate(bn::color const*, int, int, bn::color*)
 .text._ZN2bn2hw4show5errorERKNS_11system_fontERKNS_11string_viewES7_S7_iS7_S7_
                0x0800c6f0      0x424 bn_hw_show.o
                0x0800c6f0                bn::hw::show::error(bn::system_font const&, bn::string_view const&, bn::string_view const&, bn::string_view const&, int, bn::string_view const&, bn::string_view const&)
 .text._ZN2bn2hw4sram4initEv
                0x0800cb14       0x18 bn_hw_sram.bn_noflto.o
                0x0800cb14                bn::hw::sram::init()
 .text._ZN2bn11system_fontC2Ev
                0x0800cb2c       0x18 bn_hw_system_font.o
                0x0800cb2c                bn::system_font::system_font()
                0x0800cb2c                bn::system_font::system_font()
 .text._ZNK2bn11system_font8tte_fontEv
                0x0800cb44        0x4 bn_hw_system_font.o
                0x0800cb44                bn::system_font::tte_font() const
 .text._ZN2bn2hw4text5parseEPKvRNS_5arrayIcLi32EEE
                0x0800cb48       0x30 bn_hw_text.o
                0x0800cb48                bn::hw::text::parse(void const*, bn::array<char, 32>&)
 .text._ZN2bn2hw4text5parseEjRNS_5arrayIcLi32EEE
                0x0800cb78       0xa0 bn_hw_text.o
                0x0800cb78                bn::hw::text::parse(unsigned int, bn::array<char, 32>&)
 .text._ZN2bn2hw4text5parseEiRNS_5arrayIcLi32EEE
                0x0800cc18       0xbc bn_hw_text.o
                0x0800cc18                bn::hw::text::parse(int, bn::array<char, 32>&)
 .text._Z7VgmStopv
                0x0800ccd4       0xc0 vgm.o
                0x0800ccd4                VgmStop()
 .text._Z7VgmPlayPKhb
                0x0800cd94       0x28 vgm.o
                0x0800cd94                VgmPlay(unsigned char const*, bool)
 .text._Z13VgmIntrVblankv
                0x0800cdbc       0x80 vgm.o
                0x0800cdbc                VgmIntrVblank()
 .text._Z9VgmActivev
                0x0800ce3c       0x10 vgm.o
                0x0800ce3c                VgmActive()
 .text._Z16VgmGetOffsetPlayv
                0x0800ce4c        0xc vgm.o
                0x0800ce4c                VgmGetOffsetPlay()
 .text._Z16VgmSetOffsetPlayj
                0x0800ce58       0x10 vgm.o
                0x0800ce58                VgmSetOffsetPlay(unsigned int)
 .text._Z8VgmPausev
                0x0800ce68       0x20 vgm.o
                0x0800ce68                VgmPause()
 .text._Z9VgmResumev
                0x0800ce88       0x18 vgm.o
                0x0800ce88                VgmResume()
 .text.clr_grayscale
                0x0800cea0       0x78 tonc_color.o
                0x0800cea0                clr_grayscale
 .text.sbmp16_rect
                0x0800cf18       0x6c tonc_sbmp16.o
                0x0800cf18                sbmp16_rect
 .text.bmp16_drawg_b1cts
                0x0800cf84       0xc0 bmp16_drawg_b1cs.o
                0x0800cf84                bmp16_drawg_b1cts
 .text.bmp16_erase
                0x0800d044       0x24 tte_init_bmp.o
                0x0800d044                bmp16_erase
 .text.tte_init_bmp
                0x0800d068       0x60 tte_init_bmp.o
                0x0800d068                tte_init_bmp
 .text.dummy_drawg
                0x0800d0c8        0x4 tte_main.o
                0x0800d0c8                dummy_drawg
 .text.dummy_erase
                0x0800d0cc        0x4 tte_main.o
                0x0800d0cc                dummy_erase
 .text.tte_init_base
                0x0800d0d0       0x68 tte_main.o
                0x0800d0d0                tte_init_base
 .text.utf8_decode_char
                0x0800d138       0xb4 tte_main.o
                0x0800d138                utf8_decode_char
 .text.tte_write
                0x0800d1ec       0xe8 tte_main.o
                0x0800d1ec                tte_write
 .text.tte_get_text_size
                0x0800d2d4       0xa4 tte_main.o
                0x0800d2d4                tte_get_text_size
 .text.tte_set_margins
                0x0800d378       0x18 tte_main.o
                0x0800d378                tte_set_margins
 .text.IRQ_Init
                0x0800d390       0x48 interrupts_gba.o
                0x0800d390                IRQ_Init
 .text.IRQ_SetHandler
                0x0800d3d8        0xc interrupts_gba.o
                0x0800d3d8                IRQ_SetHandler
 .text.IRQ_Enable
                0x0800d3e4       0x60 interrupts_gba.o
                0x0800d3e4                IRQ_Enable
 .text.IRQ_Disable
                0x0800d444       0x5c interrupts_gba.o
                0x0800d444                IRQ_Disable
 .text.channel3_refresh_registers
                0x0800d4a0       0xd0 gbt_player.o
 .text.gbt_refresh_pattern_ptr
                0x0800d570       0x84 gbt_player.o
 .text.gbt_ch1234_nop
                0x0800d5f4        0x4 gbt_player.o
 .text.gbt_ch1234_speed
                0x0800d5f8       0x10 gbt_player.o
 .text.gbt_ch1234_jump_pattern
                0x0800d608       0x14 gbt_player.o
 .text.gbt_ch1234_jump_position
                0x0800d61c       0x1c gbt_player.o
 .text.gbt_ch1234_event
                0x0800d638       0x24 gbt_player.o
 .text.gbt_ch1_pan
                0x0800d65c       0x10 gbt_player.o
 .text.gbt_ch1_cut_note
                0x0800d66c       0x10 gbt_player.o
 .text.gbt_ch1_arpeggio
                0x0800d67c       0x34 gbt_player.o
 .text.gbt_ch1_vibrato
                0x0800d6b0       0x20 gbt_player.o
 .text.gbt_ch1_volslide
                0x0800d6d0       0x10 gbt_player.o
 .text.gbt_ch2_pan
                0x0800d6e0       0x10 gbt_player.o
 .text.gbt_ch2_cut_note
                0x0800d6f0       0x10 gbt_player.o
 .text.gbt_ch2_arpeggio
                0x0800d700       0x34 gbt_player.o
 .text.gbt_ch2_vibrato
                0x0800d734       0x20 gbt_player.o
 .text.gbt_ch2_volslide
                0x0800d754       0x10 gbt_player.o
 .text.gbt_ch3_pan
                0x0800d764       0x10 gbt_player.o
 .text.gbt_ch3_cut_note
                0x0800d774       0x10 gbt_player.o
 .text.gbt_ch3_arpeggio
                0x0800d784       0x34 gbt_player.o
 .text.gbt_ch3_vibrato
                0x0800d7b8       0x20 gbt_player.o
 .text.gbt_ch4_pan
                0x0800d7d8       0x14 gbt_player.o
 .text.gbt_ch4_cut_note
                0x0800d7ec       0x10 gbt_player.o
 .text.gbt_ch4_volslide
                0x0800d7fc       0x10 gbt_player.o
 .text.gbt_update_refresh_panning
                0x0800d80c       0x50 gbt_player.o
 .text.gbt_run_startup_commands.part.0
                0x0800d85c       0xd0 gbt_player.o
 .text.gbt_update_effects_internal
                0x0800d92c      0x2d4 gbt_player.o
 .text.gbt_play
                0x0800dc00      0x1dc gbt_player.o
                0x0800dc00                gbt_play
 .text.gbt_volume
                0x0800dddc       0x68 gbt_player.o
                0x0800dddc                gbt_volume
 .text.gbt_is_playing
                0x0800de44        0xc gbt_player.o
                0x0800de44                gbt_is_playing
 .text.gbt_pause
                0x0800de50       0x48 gbt_player.o
                0x0800de50                gbt_pause
 .text.gbt_loop
                0x0800de98        0xc gbt_player.o
                0x0800de98                gbt_loop
 .text.gbt_stop
                0x0800dea4       0x24 gbt_player.o
                0x0800dea4                gbt_stop
 .text.gbt_update
                0x0800dec8      0x64c gbt_player.o
                0x0800dec8                gbt_update
 .text.gbt_get_position_unsafe
                0x0800e514       0x24 gbt_player.o
                0x0800e514                gbt_get_position_unsafe
 .text.gbt_set_position
                0x0800e538       0xe0 gbt_player.o
                0x0800e538                gbt_set_position
 .text.VBlankIntrWait
                0x0800e618        0x4 tonc_bios.o
                0x0800e618                VBlankIntrWait
 .text.memset16
                0x0800e61c       0x3c tonc_memset.o
                0x0800e61c                memset16
 .text          0x0800e658      0x26c posprintf.o
                0x0800e65c                posprintf
 .text          0x0800e8c4      0x314 mm_effect.o
                0x0800e8c4                mmResetEffects
                0x0800e8f0                mmEffect
                0x0800e906                mmEffectEx
                0x0800ea06                mmEffectActive
                0x0800ea3a                mmEffectVolume
                0x0800ea56                mmEffectPanning
                0x0800ea6a                mmEffectRate
                0x0800ea7e                mmEffectCancel
                0x0800eab8                mmEffectRelease
                0x0800eade                mmEffectScaleRate
                0x0800eaf2                mmSetEffectsVolume
                0x0800eb00                mmEffectCancelAll
                0x0800eb40                mmUpdateEffects
 .text          0x0800ebd8       0x14 mm_main.o
                0x0800ebd8                mpp_call_r7
                0x0800ebda                mpp_call_r1
                0x0800ebdc                mpp_call_r2
                0x0800ebde                mpp_call_r3
                0x0800ebe0                mmSetEventHandler
 .text          0x0800ebec     0x1570 mm_mas.o
                0x0800ec60                mmStart
                0x0800ec80                mmJingle
                0x0800ec86                mmPlayModule
                0x0800ed50                mmPause
                0x0800ed6c                mmResume
                0x0800ed7c                mmActive
                0x0800ed82                mmActiveSub
                0x0800ed88                mmSetModuleVolume
                0x0800ed98                mmSetJingleVolume
                0x0800edd4                mmGetPositionTick
                0x0800edda                mmGetPositionRow
                0x0800ede0                mmGetPosition
                0x0800ede6                mmPosition
                0x0800ee00                mmSetModuleTempo
                0x0800ee32                mmSetModulePitch
                0x0800ee74                mmStop
                0x0800ef3a                mppUpdateSub
                0x0800f096                mpp_Process_VolumeCommand
                0x0800f2ce                mpp_Process_Effect
                0x0800fa1c                ST3_FREQTABLE
                0x0800fe3c                IT_PitchTable
 .text          0x0801015c      0x12c mm_main_gba.o
                0x0801015c                mmInit
                0x080101b0                mmSetVBlankHandler
                0x080101b6                mmFrame
 .text          0x08010288      0x1e0 mm_mixer_gba.o
                0x08010288                mmMixerSetSource
                0x0801029c                mmMixerSetRead
                0x080102aa                mmMixerSetFreq
                0x080102ba                mmMixerMulFreq
                0x080102ce                mmMixerStopChannel
                0x080102e0                mmMixerChannelActive
                0x080102f2                mmMixerSetVolume
                0x08010300                mmMixerSetPan
                0x0801030e                mmMixerInit
 .text          0x08010468       0x3c /opt/devkitpro/devkitARM/bin/../lib/gcc/arm-none-eabi/14.2.0/thumb/libgcc.a(_call_via_rX.o)
                0x08010468                _call_via_r0
                0x0801046c                _call_via_r1
                0x08010470                _call_via_r2
                0x08010474                _call_via_r3
                0x08010478                _call_via_r4
                0x0801047c                _call_via_r5
                0x08010480                _call_via_r6
                0x08010484                _call_via_r7
                0x08010488                _call_via_r8
                0x0801048c                _call_via_r9
                0x08010490                _call_via_sl
                0x08010494                _call_via_fp
                0x08010498                _call_via_ip
                0x0801049c                _call_via_sp
                0x080104a0                _call_via_lr
 *fill*         0x080104a4        0x4 ff
 .text.__stub   0x080104a8       0xf4 linker stubs
 *(.gnu.linkonce.t.*)
 *(.text.*personality*)
 *(.gnu.warning)
 *(.glue_7t)
 .glue_7t       0x080105e8        0x0 linker stubs
 *(.glue_7)
 .glue_7        0x080105e8        0x0 linker stubs
 *(.vfp11_veneer)
 .vfp11_veneer  0x080105e8        0x0 linker stubs
                0x080105e8                        . = ALIGN (0x4)
                0x080105e8                        __text_end = .

.v4_bx          0x080105e8        0x0
 .v4_bx         0x080105e8        0x0 linker stubs

.iplt           0x080105e8        0x0
 .iplt          0x080105e8        0x0 /opt/devkitpro/devkitARM/bin/../lib/gcc/arm-none-eabi/14.2.0/../../../../arm-none-eabi/lib/thumb/gba_crt0.o

.fini           0x080105e8        0xc
 *(.fini)
 .fini          0x080105e8        0x4 /opt/devkitpro/devkitARM/bin/../lib/gcc/arm-none-eabi/14.2.0/thumb/crti.o
                0x080105e8                _fini
 .fini          0x080105ec        0x8 /opt/devkitpro/devkitARM/bin/../lib/gcc/arm-none-eabi/14.2.0/thumb/crtn.o
                0x080105f4                        . = ALIGN (0x4)

.rodata         0x080105f4     0x5be4
 *(.rodata)
 .rodata        0x080105f4       0x40 ball_bn_gfx.o
                0x080105f4                ball_bn_gfxTiles
                0x08010614                ball_bn_gfxPal
 .rodata        0x08010634       0x60 paddle_bn_gfx.o
                0x08010634                paddle_bn_gfxTiles
                0x08010674                paddle_bn_gfxPal
 .rodata        0x08010694       0x10 bn_sprite_tiles_manager.o
 .rodata        0x080106a4       0x90 gbt_player.o
 .rodata        0x08010734      0xef8 verdana9.o
                0x08010734                verdana9Font
                0x0801074c                verdana9Glyphs
                0x0801154c                verdana9Widths
 *all.rodata*(*)
 *(.roda)
 *(.rodata.*)
 .rodata._bn_audio_soundbank_bin
                0x0801162c     0x2797 _bn_audio_soundbank.bin.o
                0x0801162c                _bn_audio_soundbank_bin
                0x08013dc3                _bn_audio_soundbank_bin_end
 *fill*         0x08013dc3        0x1 ff
 .rodata._ZN2bn12sprite_items6paddleE
                0x08013dc4       0x1c main.o
                0x08013dc4                bn::sprite_items::paddle
 .rodata._ZN2bn12sprite_items4ballE
                0x08013de0       0x1c main.o
                0x08013de0                bn::sprite_items::ball
 .rodata._ZN2bn13audio_manager10play_musicENS_10music_itemENS_7fixed_tILi12EEEb.str1.4
                0x08013dfc     0x1371 bn_audio_manager.o
                                 0x49 (size before relaxing)
 .rodata._ZN2bn9dmg_music8positionEv.str1.4
                0x0801516d       0x31 bn_audio_manager.o
 .rodata._ZN2bn9dmg_music12set_positionEii.str1.4
                0x0801516d       0x76 bn_audio_manager.o
 .rodata._ZN2bn13audio_manager16execute_commandsEv.str1.4
                0x0801516d       0x5e bn_audio_manager.o
 *fill*         0x0801516d        0x3 ff
 .rodata._ZN2bn13audio_manager16execute_commandsEv
                0x08015170       0x64 bn_audio_manager.o
 .rodata._ZN2bn18best_fit_allocatorD2Ev.str1.4
                0x080151d4       0x4b bn_best_fit_allocator.o
 .rodata._ZN2bn18best_fit_allocator5allocEi.str1.4
                0x080151d4       0x24 bn_best_fit_allocator.o
 .rodata._ZN2bn18best_fit_allocator5resetEPvi.str1.4
                0x080151d4       0x81 bn_best_fit_allocator.o
 .rodata._ZNK2bn19regular_bg_map_item10decompressENS_4spanItEE.str1.4
                0x080151d4      0x107 bn_bg_blocks_manager.o
 .rodata._ZN2bn17bg_blocks_manager17regular_map_tilesEi.str1.4
                0x080151d4       0x32 bn_bg_blocks_manager.o
 .rodata._ZN2bn17bg_blocks_manager14palette_offsetEi.str1.4
                0x080151d4        0xb bn_bg_blocks_manager.o
 .rodata._ZN2bn11bgs_manager15rebuild_handlesEv.part.0.str1.4
                0x080151d4       0x67 bn_bgs_manager.o
 .rodata._ZN2bn18regular_bg_builder11release_mapEv.str1.4
                0x080151d4       0x32 bn_bgs_manager.o
 .rodata._ZNK2bn18regular_bg_builder11_dimensionsEv.str1.4
                0x080151d4        0xb bn_bgs_manager.o
 .rodata._ZN2bn11bgs_manager37fill_hblank_effect_regular_attributesEPvPKNS_21regular_bg_attributesEPt.str1.4
                0x080151d4       0x41 bn_bgs_manager.o
 .rodata._ZN2bn11bgs_manager36fill_hblank_effect_affine_attributesEPvPKNS_20affine_bg_attributesEPt.str1.4
                0x080151d4       0x25 bn_bgs_manager.o
 .rodata._ZN2bn4core4initERKNS_8optionalINS_5colorEEERKNS_11string_viewE.str1.4
                0x080151d4        0xb bn_core.o
 .rodata._ZN2bn11string_viewC2EPKc.str1.4
                0x080151d4       0x38 bn_core.o
 .rodata._ZN2bn22hblank_effects_manager12_GLOBAL__N_110_is_uint32ENS0_12handler_typeE.str1.4
                0x080151d4       0x42 bn_hblank_effects_manager.o
 .rodata._ZN2bn22hblank_effects_manager12_GLOBAL__N_19item_type12check_updateEv.str1.4
                0x080151d4      0x155 bn_hblank_effects_manager.o
 .rodata._ZN2bn22hblank_effects_manager12_GLOBAL__N_19item_type12check_updateEv
                0x080151d4       0xa4 bn_hblank_effects_manager.o
 .rodata._ZN2bn22hblank_effects_manager6updateEv.str1.4
                0x08015278       0x25 bn_hblank_effects_manager.o
 .rodata._ZN2bn22hblank_effects_manager4initEv.str1.4
                0x08015278       0x27 bn_hblank_effects_manager.o
 .rodata._ZN2bn14keypad_manager6updateEv.str1.4
                0x08015278       0x5b bn_keypad_manager.o
 .rodata._ZN2bn14keypad_manager4initERKNS_11string_viewE.str1.4
                0x08015278       0x54 bn_keypad_manager.o
 .rodata._ZNK2bn13palettes_bank10log_statusEv.str1.4
                0x08015278       0x60 bn_palettes_manager.o
 .rodata._ZNK2bn13palettes_bank6colorsEi.str1.4
                0x08015278       0x33 bn_palettes_manager.o
 .rodata._ZN2bn13palettes_bank11colors_hashERKNS_4spanIKNS_5colorEEE.str1.4
                0x08015278       0x53 bn_palettes_manager.o
 .rodata._ZN2bn13palettes_bank12create_bpp_8ERKNS_4spanIKNS_5colorEEENS_16compression_typeEb.str1.4
                0x08015278       0xc7 bn_palettes_manager.o
 .rodata._ZN2bn13palettes_bank16set_rotate_countEii.str1.4
                0x08015278       0x4c bn_palettes_manager.o
 .rodata._ZNK2bn19sprite_palette_item10decompressENS_4spanINS_5colorEEE.str1.4
                0x08015278      0x107 bn_palettes_manager.o
 .rodata._ZN2bn14iunordered_mapItsNS_15identity_hasherENS_8equal_toItEEE21insert_or_assign_hashEjOSt4pairIKtsE.isra.0.str1.4
                0x08015278       0x66 bn_palettes_manager.o
 .rodata._ZN2bn13palettes_bank12create_bpp_4ERKNS_4spanIKNS_5colorEEEtb.str1.4
                0x08015278       0x3b bn_palettes_manager.o
 .rodata._ZN2bn26sprite_affine_mats_manager22reserve_sprite_handlesEi.str1.4
                0x08015278       0x72 bn_sprite_affine_mats_manager.o
 .rodata._ZN2bn26sprite_affine_mats_manager12_GLOBAL__N_115_new_item_indexEv.str1.4
                0x08015278       0x69 bn_sprite_affine_mats_manager.o
 .rodata._ZN2bn26sprite_affine_mats_manager15decrease_usagesEi.part.0.str1.4
                0x08015278       0x1b bn_sprite_affine_mats_manager.o
 .rodata._ZN2bn26sprite_affine_mats_manager14dettach_spriteEiRNS_24intrusive_list_node_typeE.str1.4
                0x08015278       0x22 bn_sprite_affine_mats_manager.o
 .rodata._ZN2bn20sprite_tiles_manager10log_statusEv.str1.4
                0x08015278       0x94 bn_sprite_tiles_manager.o
 .rodata._ZN2bn20sprite_tiles_manager12_GLOBAL__N_110_hw_commitEPKNS_4tileENS_16compression_typeEii.str1.4
                0x08015278       0x47 bn_sprite_tiles_manager.o
 .rodata._ZN2bn20sprite_tiles_manager12_GLOBAL__N_122_insert_to_commit_itemEiRNS1_9item_typeE.part.0.str1.4
                0x08015278       0x27 bn_sprite_tiles_manager.o
 .rodata._ZN2bn20sprite_tiles_manager12_GLOBAL__N_117_insert_free_itemEiPt.str1.4
                0x08015278       0x45 bn_sprite_tiles_manager.o
 .rodata._ZN2bn20sprite_tiles_manager12_GLOBAL__N_116_erase_free_itemEi.str1.4
                0x08015278       0x40 bn_sprite_tiles_manager.o
 .rodata._ZN2bn20sprite_tiles_manager12_GLOBAL__N_110_find_implEPKNS_4tileENS_16compression_typeEi.str1.4
                0x08015278       0xd2 bn_sprite_tiles_manager.o
 .rodata._ZN2bn16sprite_tiles_ptr4findERKNS_17sprite_tiles_itemE.str1.4
                0x08015278       0xa3 bn_sprite_tiles_manager.o
 .rodata._ZN2bn20sprite_tiles_manager12_GLOBAL__N_121_erase_items_map_itemEPKNS_4tileE.str1.4
                0x08015278       0x3a bn_sprite_tiles_manager.o
 .rodata._ZN2bn20sprite_tiles_manager12_GLOBAL__N_112_create_itemEiPKNS_4tileENS_16compression_typeEib.str1.4
                0x08015278       0x35 bn_sprite_tiles_manager.o
 .rodata._ZN2bn20sprite_tiles_manager8allocateEiNS_8bpp_modeE.str1.4
                0x08015278       0x5c bn_sprite_tiles_manager.o
 .rodata._ZN2bn20sprite_tiles_manager6createERKNS_4spanIKNS_4tileEEENS_16compression_typeE.str1.4
                0x08015278       0x44 bn_sprite_tiles_manager.o
 .rodata.str1.4
                0x08015278       0x25 bn_sprite_tiles_manager.o
 .rodata._ZN2bn20sprite_tiles_manager12_GLOBAL__N_1L19_status_log_messageE
                0x08015278        0x8 bn_sprite_tiles_manager.o
 .rodata._ZN2bn14sprite_builder20set_blending_enabledEb.str1.4
                0x08015280       0x6a bn_sprites_manager.o
 .rodata._ZN2bn15sprites_manager20set_blending_enabledEPvb.str1.4
                0x08015280       0x17 bn_sprites_manager.o
 .rodata._ZNK2bn17sprite_shape_size6heightEv.isra.0.str1.4
                0x08015280       0x40 bn_sprites_manager.o
 .rodata._ZNK2bn17sprite_shape_size5widthEv.isra.0.str1.4
                0x08015280        0x6 bn_sprites_manager.o
 .rodata._ZN2bn15sprites_manager12_GLOBAL__N_118_remove_affine_matERNS_20sprites_manager_itemE.str1.4
                0x08015280       0x32 bn_sprites_manager.o
 .rodata._ZN2bn14sprite_builderC2ERKNS_17sprite_shape_sizeENS_16sprite_tiles_ptrENS_18sprite_palette_ptrE.str1.4
                0x08015280       0x6e bn_sprites_manager.o
 .rodata._ZN2bn15sprites_manager6updateEv.str1.4
                0x08015280       0x2f bn_sprites_manager.o
 .rodata._ZN2bn15sprites_manager35fill_hblank_effect_third_attributesENS_17sprite_shape_sizeEPKNS_23sprite_third_attributesEPt.str1.4
                0x08015280       0x93 bn_sprites_manager.o
 .rodata._ZN2bn14sorted_sprites6sorter6insertERNS_20sprites_manager_itemE.str1.4
                0x08015280       0x41 bn_sprites_manager.o
 .rodata._ZN2bn15sprites_manager6createERKNS_13fixed_point_tILi12EEERKNS_17sprite_shape_sizeEONS_16sprite_tiles_ptrEONS_18sprite_palette_ptrE.str1.4
                0x08015280       0x27 bn_sprites_manager.o
 .rodata._ZN2bn2hw7sprites12_GLOBAL__N_1L10_obj_sizesE
                0x08015280       0x18 bn_sprites_manager.o
 .rodata._ZN3_bn6assert9show_argsIJA19_ciA4_ciEEEvPKcS5_S5_iDpRKT_.str1.4
                0x08015298       0x43 bn_sstream.o
 .rodata._ZN2bn7istring6appendEPKc.isra.0.str1.4
                0x08015298       0x38 bn_sstream.o
 .rodata._ZN2bn13ostringstream6appendEi.str1.4
                0x08015298       0x32 bn_sstream.o
 .rodata._ZN2bn13ostringstream6appendEPKv.str1.4
                0x08015298        0x8 bn_sstream.o
 .rodata._ZN2bn13ostringstream16_append_fractionEji.str1.4
                0x08015298       0x1b bn_sstream.o
 .rodata._ZN2bn18igeneric_pool_baseD2Ev.str1.4
                0x08015298       0x42 bn_translation_unit.o
 .rodata._ZN2bn18igeneric_pool_base9_allocateEv.str1.4
                0x08015298       0x19 bn_translation_unit.o
 .rodata._ZN2bn2hw5audio14play_dmg_musicEPKvNS_14dmg_music_typeEib.str1.4
                0x08015298       0x5b bn_hw_audio.o
 .rodata._ZN2bn2hw5audio22set_dmg_music_positionEii.str1.4
                0x08015298       0x2a bn_hw_audio.o
 .rodata._ZN2bn2hw5audio20set_dmg_music_volumeEii.str1.4
                0x08015298       0x46 bn_hw_audio.o
 .rodata._ZN2bn2hw5audio6commitEv.str1.4
                0x08015298       0x1c bn_hw_audio.o
 .rodata._ZN2bn2hw5audio12_GLOBAL__N_119_add_sound_to_queueEit.str1.4
                0x08015298       0x21 bn_hw_audio.o
 .rodata._ZN2bn2hw5audio12_GLOBAL__N_123_erase_sound_from_queueEt.str1.4
                0x08015298       0x59 bn_hw_audio.o
 .rodata._ZN2bn2hw5audio12_GLOBAL__N_119_check_sounds_queueEv.part.0.str1.4
                0x08015298       0x12 bn_hw_audio.o
 .rodata.__cxa_pure_virtual.str1.4
                0x08015298       0x4f bn_hw_common.bn_noflto.o
 .rodata.__aeabi_idiv0.str1.4
                0x08015298       0x38 bn_hw_common.bn_noflto.o
 .rodata._ZN2bn2hw8game_pak12_GLOBAL__N_1L8rom_dataE
                0x08015298        0xc bn_hw_game_pak.bn_ewram.o
 .rodata._ZN2bn2hw4gpio12_GLOBAL__N_1L10rtc_stringE
                0x080152a4        0xc bn_hw_gpio.bn_noflto.o
 .rodata._ZN2bn2hw4link4sendEi.str1.4
                0x080152b0       0x2b bn_hw_link.o
 .rodata._ZN2bn2hw8palettes12_GLOBAL__N_1L13hue_shift_lutE
                0x080152b0      0x4a4 bn_hw_palettes.o
 .rodata._ZN2bn2hw8palettes12_GLOBAL__N_1L13intensity_lutE
                0x08015754      0x420 bn_hw_palettes.o
 .rodata._ZN2bn2hw8palettes12_GLOBAL__N_1L12contrast_lutE
                0x08015b74      0x420 bn_hw_palettes.o
 .rodata._ZN2bn2hw4show5errorERKNS_11system_fontERKNS_11string_viewES7_S7_iS7_S7_.str1.4
                0x08015f94      0x104 bn_hw_show.o
 .rodata._ZN2bn2hw4sram12_GLOBAL__N_1L11save_stringE
                0x08015f94        0xa bn_hw_sram.bn_noflto.o
 .rodata._ZN2bn2hw4text5parseEPKvRNS_5arrayIcLi32EEE.str1.4
                0x08015f9e        0x5 bn_hw_text.o
 .rodata._ZN2bn2hw4text5parseExRNS_5arrayIcLi32EEE.str1.4
                0x08015f9e        0x7 bn_hw_text.o
 *fill*         0x08015f9e        0x2 ff
 .rodata.m3_surface
                0x08015fa0       0x14 tonc_sbmp16.o
                0x08015fa0                m3_surface
 .rodata.srf.0  0x08015fb4       0x14 tte_main.o
 .rodata.gbt_refresh_pattern_ptr.str1.4
                0x08015fc8        0x9 gbt_player.o
 .rodata.gbt_ch4_jump_table
                0x08015fc8       0x40 gbt_player.o